[Tue Feb 27 23:04:48 2018] Linux version 4.15.4-1-default (geeko@buildhost) (gcc version 7.3.0 (SUSE Linux)) #1 SMP PREEMPT Sat Feb 17 09:02:00 UTC 2018 (7169cf1)
[Tue Feb 27 23:04:48 2018] Command line: BOOT_IMAGE=/boot/vmlinuz-4.15.4-1-default root=/dev/mapper/system-root resume=/dev/system/swap splash=silent quiet showopts
[Tue Feb 27 23:04:48 2018] Intel Spectre v2 broken microcode detected; disabling Speculation Control
[Tue Feb 27 23:04:48 2018] x86/fpu: Supporting XSAVE feature 0x001: 'x87 floating point registers'
[Tue Feb 27 23:04:48 2018] x86/fpu: Supporting XSAVE feature 0x002: 'SSE registers'
[Tue Feb 27 23:04:48 2018] x86/fpu: Supporting XSAVE feature 0x004: 'AVX registers'
[Tue Feb 27 23:04:48 2018] x86/fpu: Supporting XSAVE feature 0x008: 'MPX bounds registers'
[Tue Feb 27 23:04:48 2018] x86/fpu: Supporting XSAVE feature 0x010: 'MPX CSR'
[Tue Feb 27 23:04:48 2018] x86/fpu: xstate_offset[2]:  576, xstate_sizes[2]:  256
[Tue Feb 27 23:04:48 2018] x86/fpu: xstate_offset[3]:  832, xstate_sizes[3]:   64
[Tue Feb 27 23:04:48 2018] x86/fpu: xstate_offset[4]:  896, xstate_sizes[4]:   64
[Tue Feb 27 23:04:48 2018] x86/fpu: Enabled xstate features 0x1f, context size is 960 bytes, using 'compacted' format.
[Tue Feb 27 23:04:48 2018] e820: BIOS-provided physical RAM map:
[Tue Feb 27 23:04:48 2018] BIOS-e820: [mem 0x0000000000000000-0x0000000000057fff] usable
[Tue Feb 27 23:04:48 2018] BIOS-e820: [mem 0x0000000000058000-0x0000000000058fff] reserved
[Tue Feb 27 23:04:48 2018] BIOS-e820: [mem 0x0000000000059000-0x000000000009dfff] usable
[Tue Feb 27 23:04:48 2018] BIOS-e820: [mem 0x000000000009e000-0x00000000000fffff] reserved
[Tue Feb 27 23:04:48 2018] BIOS-e820: [mem 0x0000000000100000-0x000000007432bfff] usable
[Tue Feb 27 23:04:48 2018] BIOS-e820: [mem 0x000000007432c000-0x000000007432cfff] ACPI NVS
[Tue Feb 27 23:04:48 2018] BIOS-e820: [mem 0x000000007432d000-0x000000007432dfff] reserved
[Tue Feb 27 23:04:48 2018] BIOS-e820: [mem 0x000000007432e000-0x000000007a848fff] usable
[Tue Feb 27 23:04:48 2018] BIOS-e820: [mem 0x000000007a849000-0x000000007abd3fff] reserved
[Tue Feb 27 23:04:48 2018] BIOS-e820: [mem 0x000000007abd4000-0x000000007ac17fff] ACPI data
[Tue Feb 27 23:04:48 2018] BIOS-e820: [mem 0x000000007ac18000-0x000000007aefcfff] ACPI NVS
[Tue Feb 27 23:04:48 2018] BIOS-e820: [mem 0x000000007aefd000-0x000000007b5fefff] reserved
[Tue Feb 27 23:04:48 2018] BIOS-e820: [mem 0x000000007b5ff000-0x000000007b5fffff] usable
[Tue Feb 27 23:04:48 2018] BIOS-e820: [mem 0x000000007b600000-0x000000007f7fffff] reserved
[Tue Feb 27 23:04:48 2018] BIOS-e820: [mem 0x00000000e0000000-0x00000000efffffff] reserved
[Tue Feb 27 23:04:48 2018] BIOS-e820: [mem 0x00000000fe000000-0x00000000fe010fff] reserved
[Tue Feb 27 23:04:48 2018] BIOS-e820: [mem 0x00000000fec00000-0x00000000fec00fff] reserved
[Tue Feb 27 23:04:48 2018] BIOS-e820: [mem 0x00000000fee00000-0x00000000fee00fff] reserved
[Tue Feb 27 23:04:48 2018] BIOS-e820: [mem 0x00000000ff000000-0x00000000ffffffff] reserved
[Tue Feb 27 23:04:48 2018] BIOS-e820: [mem 0x0000000100000000-0x000000047e7fffff] usable
[Tue Feb 27 23:04:48 2018] NX (Execute Disable) protection: active
[Tue Feb 27 23:04:48 2018] e820: update [mem 0x721e9018-0x721f9057] usable ==> usable
[Tue Feb 27 23:04:48 2018] e820: update [mem 0x721e9018-0x721f9057] usable ==> usable
[Tue Feb 27 23:04:48 2018] extended physical RAM map:
[Tue Feb 27 23:04:48 2018] reserve setup_data: [mem 0x0000000000000000-0x0000000000057fff] usable
[Tue Feb 27 23:04:48 2018] reserve setup_data: [mem 0x0000000000058000-0x0000000000058fff] reserved
[Tue Feb 27 23:04:48 2018] reserve setup_data: [mem 0x0000000000059000-0x000000000009dfff] usable
[Tue Feb 27 23:04:48 2018] reserve setup_data: [mem 0x000000000009e000-0x00000000000fffff] reserved
[Tue Feb 27 23:04:48 2018] reserve setup_data: [mem 0x0000000000100000-0x00000000721e9017] usable
[Tue Feb 27 23:04:48 2018] reserve setup_data: [mem 0x00000000721e9018-0x00000000721f9057] usable
[Tue Feb 27 23:04:48 2018] reserve setup_data: [mem 0x00000000721f9058-0x000000007432bfff] usable
[Tue Feb 27 23:04:48 2018] reserve setup_data: [mem 0x000000007432c000-0x000000007432cfff] ACPI NVS
[Tue Feb 27 23:04:48 2018] reserve setup_data: [mem 0x000000007432d000-0x000000007432dfff] reserved
[Tue Feb 27 23:04:48 2018] reserve setup_data: [mem 0x000000007432e000-0x000000007a848fff] usable
[Tue Feb 27 23:04:48 2018] reserve setup_data: [mem 0x000000007a849000-0x000000007abd3fff] reserved
[Tue Feb 27 23:04:48 2018] reserve setup_data: [mem 0x000000007abd4000-0x000000007ac17fff] ACPI data
[Tue Feb 27 23:04:48 2018] reserve setup_data: [mem 0x000000007ac18000-0x000000007aefcfff] ACPI NVS
[Tue Feb 27 23:04:48 2018] reserve setup_data: [mem 0x000000007aefd000-0x000000007b5fefff] reserved
[Tue Feb 27 23:04:48 2018] reserve setup_data: [mem 0x000000007b5ff000-0x000000007b5fffff] usable
[Tue Feb 27 23:04:48 2018] reserve setup_data: [mem 0x000000007b600000-0x000000007f7fffff] reserved
[Tue Feb 27 23:04:48 2018] reserve setup_data: [mem 0x00000000e0000000-0x00000000efffffff] reserved
[Tue Feb 27 23:04:48 2018] reserve setup_data: [mem 0x00000000fe000000-0x00000000fe010fff] reserved
[Tue Feb 27 23:04:48 2018] reserve setup_data: [mem 0x00000000fec00000-0x00000000fec00fff] reserved
[Tue Feb 27 23:04:48 2018] reserve setup_data: [mem 0x00000000fee00000-0x00000000fee00fff] reserved
[Tue Feb 27 23:04:48 2018] reserve setup_data: [mem 0x00000000ff000000-0x00000000ffffffff] reserved
[Tue Feb 27 23:04:48 2018] reserve setup_data: [mem 0x0000000100000000-0x000000047e7fffff] usable
[Tue Feb 27 23:04:48 2018] efi: EFI v2.40 by American Megatrends
[Tue Feb 27 23:04:48 2018] efi:  ACPI=0x7abe1000  ACPI 2.0=0x7abe1000  SMBIOS=0xf0000  SMBIOS 3.0=0xf0020  ESRT=0x7b29f118  MEMATTR=0x78217298 
[Tue Feb 27 23:04:48 2018] random: fast init done
[Tue Feb 27 23:04:48 2018] SMBIOS 3.0.0 present.
[Tue Feb 27 23:04:48 2018] DMI: Dell Inc. XPS 13 9360/0839Y6, BIOS 2.5.1 01/25/2018
[Tue Feb 27 23:04:48 2018] e820: update [mem 0x00000000-0x00000fff] usable ==> reserved
[Tue Feb 27 23:04:48 2018] e820: remove [mem 0x000a0000-0x000fffff] usable
[Tue Feb 27 23:04:48 2018] e820: last_pfn = 0x47e800 max_arch_pfn = 0x400000000
[Tue Feb 27 23:04:48 2018] MTRR default type: write-back
[Tue Feb 27 23:04:48 2018] MTRR fixed ranges enabled:
[Tue Feb 27 23:04:48 2018]   00000-9FFFF write-back
[Tue Feb 27 23:04:48 2018]   A0000-BFFFF uncachable
[Tue Feb 27 23:04:48 2018]   C0000-FFFFF write-protect
[Tue Feb 27 23:04:48 2018] MTRR variable ranges enabled:
[Tue Feb 27 23:04:48 2018]   0 base 0080000000 mask 7F80000000 uncachable
[Tue Feb 27 23:04:48 2018]   1 base 007E000000 mask 7FFE000000 uncachable
[Tue Feb 27 23:04:48 2018]   2 base 007D000000 mask 7FFF000000 uncachable
[Tue Feb 27 23:04:48 2018]   3 disabled
[Tue Feb 27 23:04:48 2018]   4 disabled
[Tue Feb 27 23:04:48 2018]   5 disabled
[Tue Feb 27 23:04:48 2018]   6 disabled
[Tue Feb 27 23:04:48 2018]   7 disabled
[Tue Feb 27 23:04:48 2018]   8 disabled
[Tue Feb 27 23:04:48 2018]   9 disabled
[Tue Feb 27 23:04:48 2018] x86/PAT: Configuration [0-7]: WB  WC  UC- UC  WB  WP  UC- WT  
[Tue Feb 27 23:04:48 2018] e820: last_pfn = 0x7b600 max_arch_pfn = 0x400000000
[Tue Feb 27 23:04:48 2018] esrt: Reserving ESRT space from 0x000000007b29f118 to 0x000000007b29f150.
[Tue Feb 27 23:04:48 2018] Scanning 1 areas for low memory corruption
[Tue Feb 27 23:04:48 2018] Base memory trampoline at [        (ptrval)] 98000 size 24576
[Tue Feb 27 23:04:48 2018] Using GB pages for direct mapping
[Tue Feb 27 23:04:48 2018] BRK [0x2de807000, 0x2de807fff] PGTABLE
[Tue Feb 27 23:04:48 2018] BRK [0x2de808000, 0x2de808fff] PGTABLE
[Tue Feb 27 23:04:48 2018] BRK [0x2de809000, 0x2de809fff] PGTABLE
[Tue Feb 27 23:04:48 2018] BRK [0x2de80a000, 0x2de80afff] PGTABLE
[Tue Feb 27 23:04:48 2018] BRK [0x2de80b000, 0x2de80bfff] PGTABLE
[Tue Feb 27 23:04:48 2018] BRK [0x2de80c000, 0x2de80cfff] PGTABLE
[Tue Feb 27 23:04:48 2018] BRK [0x2de80d000, 0x2de80dfff] PGTABLE
[Tue Feb 27 23:04:48 2018] BRK [0x2de80e000, 0x2de80efff] PGTABLE
[Tue Feb 27 23:04:48 2018] BRK [0x2de80f000, 0x2de80ffff] PGTABLE
[Tue Feb 27 23:04:48 2018] Secure boot disabled
[Tue Feb 27 23:04:48 2018] RAMDISK: [mem 0x36da8000-0x37b1bfff]
[Tue Feb 27 23:04:48 2018] ACPI: Early table checksum verification disabled
[Tue Feb 27 23:04:48 2018] ACPI: RSDP 0x000000007ABE1000 000024 (v02 DELL  )
[Tue Feb 27 23:04:48 2018] ACPI: XSDT 0x000000007ABE10C8 000114 (v01 DELL   CBX3     01072009 AMI  00010013)
[Tue Feb 27 23:04:48 2018] ACPI: FACP 0x000000007AC06918 00010C (v05 DELL   CBX3     01072009 AMI  00010013)
[Tue Feb 27 23:04:48 2018] ACPI: DSDT 0x000000007ABE1270 0256A6 (v02 DELL   CBX3     01072009 INTL 20160422)
[Tue Feb 27 23:04:48 2018] ACPI: FACS 0x000000007AEFA180 000040
[Tue Feb 27 23:04:48 2018] ACPI: APIC 0x000000007AC06A28 000084 (v03 DELL   CBX3     01072009 AMI  00010013)
[Tue Feb 27 23:04:48 2018] ACPI: FPDT 0x000000007AC06AB0 000044 (v01 DELL   CBX3     01072009 AMI  00010013)
[Tue Feb 27 23:04:48 2018] ACPI: FIDT 0x000000007AC06AF8 0000AC (v01 DELL   CBX3     01072009 AMI  00010013)
[Tue Feb 27 23:04:48 2018] ACPI: MCFG 0x000000007AC06BA8 00003C (v01 DELL   CBX3     01072009 MSFT 00000097)
[Tue Feb 27 23:04:48 2018] ACPI: HPET 0x000000007AC06BE8 000038 (v01 DELL   CBX3     01072009 AMI. 0005000B)
[Tue Feb 27 23:04:48 2018] ACPI: SSDT 0x000000007AC06C20 000359 (v01 SataRe SataTabl 00001000 INTL 20160422)
[Tue Feb 27 23:04:48 2018] ACPI: BOOT 0x000000007AC06F80 000028 (v01 DELL   CBX3     01072009 AMI  00010013)
[Tue Feb 27 23:04:48 2018] ACPI: SSDT 0x000000007AC06FA8 0012CF (v02 SaSsdt SaSsdt   00003000 INTL 20160422)
[Tue Feb 27 23:04:48 2018] ACPI: HPET 0x000000007AC08278 000038 (v01 INTEL  KBL-ULT  00000001 MSFT 0000005F)
[Tue Feb 27 23:04:48 2018] ACPI: SSDT 0x000000007AC082B0 000D84 (v02 INTEL  xh_rvp07 00000000 INTL 20160422)
[Tue Feb 27 23:04:48 2018] ACPI: UEFI 0x000000007AC09038 000042 (v01                 00000000      00000000)
[Tue Feb 27 23:04:48 2018] ACPI: SSDT 0x000000007AC09080 000EDE (v02 CpuRef CpuSsdt  00003000 INTL 20160422)
[Tue Feb 27 23:04:48 2018] ACPI: LPIT 0x000000007AC09F60 000094 (v01 INTEL  KBL-ULT  00000000 MSFT 0000005F)
[Tue Feb 27 23:04:48 2018] ACPI: WSMT 0x000000007AC09FF8 000028 (v01 DELL   CBX3     00000000 MSFT 0000005F)
[Tue Feb 27 23:04:48 2018] ACPI: SSDT 0x000000007AC0A020 000161 (v02 INTEL  HdaDsp   00000000 INTL 20160422)
[Tue Feb 27 23:04:48 2018] ACPI: SSDT 0x000000007AC0A188 00029F (v02 INTEL  sensrhub 00000000 INTL 20160422)
[Tue Feb 27 23:04:48 2018] ACPI: SSDT 0x000000007AC0A428 003002 (v02 INTEL  PtidDevc 00001000 INTL 20160422)
[Tue Feb 27 23:04:48 2018] ACPI: SSDT 0x000000007AC0D430 0000DB (v02 INTEL  TbtTypeC 00000000 INTL 20160422)
[Tue Feb 27 23:04:48 2018] ACPI: DBGP 0x000000007AC0D510 000034 (v01 INTEL           00000002 MSFT 0000005F)
[Tue Feb 27 23:04:48 2018] ACPI: DBG2 0x000000007AC0D548 000054 (v00 INTEL           00000002 MSFT 0000005F)
[Tue Feb 27 23:04:48 2018] ACPI: SSDT 0x000000007AC0D5A0 0007AC (v02 INTEL  UsbCTabl 00001000 INTL 20160422)
[Tue Feb 27 23:04:48 2018] ACPI: SSDT 0x000000007AC0DD50 0084F1 (v02 DptfTa DptfTabl 00001000 INTL 20160422)
[Tue Feb 27 23:04:48 2018] ACPI: MSDM 0x000000007AC16248 000055 (v03 DELL   CBX3     06222004 AMI  00010013)
[Tue Feb 27 23:04:48 2018] ACPI: SLIC 0x000000007AC162A0 000176 (v03 DELL   CBX3     01072009 MSFT 00010013)
[Tue Feb 27 23:04:48 2018] ACPI: NHLT 0x000000007AC16418 00002D (v00 INTEL  EDK2     00000002      01000013)
[Tue Feb 27 23:04:48 2018] ACPI: BGRT 0x000000007AC16448 000038 (v00                 01072009 AMI  00010013)
[Tue Feb 27 23:04:48 2018] ACPI: TPM2 0x000000007AC16480 000034 (v03        Tpm2Tabl 00000001 AMI  00000000)
[Tue Feb 27 23:04:48 2018] ACPI: ASF! 0x000000007AC164B8 0000A0 (v32 INTEL   HCG     00000001 TFSM 000F4240)
[Tue Feb 27 23:04:48 2018] ACPI: DMAR 0x000000007AC16558 0000F0 (v01 INTEL  KBL      00000001 INTL 00000001)
[Tue Feb 27 23:04:48 2018] ACPI: Local APIC address 0xfee00000
[Tue Feb 27 23:04:48 2018] No NUMA configuration found
[Tue Feb 27 23:04:48 2018] Faking a node at [mem 0x0000000000000000-0x000000047e7fffff]
[Tue Feb 27 23:04:48 2018] NODE_DATA(0) allocated [mem 0x47e7ea000-0x47e7fffff]
[Tue Feb 27 23:04:48 2018] Zone ranges:
[Tue Feb 27 23:04:48 2018]   DMA      [mem 0x0000000000001000-0x0000000000ffffff]
[Tue Feb 27 23:04:48 2018]   DMA32    [mem 0x0000000001000000-0x00000000ffffffff]
[Tue Feb 27 23:04:48 2018]   Normal   [mem 0x0000000100000000-0x000000047e7fffff]
[Tue Feb 27 23:04:48 2018]   Device   empty
[Tue Feb 27 23:04:48 2018] Movable zone start for each node
[Tue Feb 27 23:04:48 2018] Early memory node ranges
[Tue Feb 27 23:04:48 2018]   node   0: [mem 0x0000000000001000-0x0000000000057fff]
[Tue Feb 27 23:04:48 2018]   node   0: [mem 0x0000000000059000-0x000000000009dfff]
[Tue Feb 27 23:04:48 2018]   node   0: [mem 0x0000000000100000-0x000000007432bfff]
[Tue Feb 27 23:04:48 2018]   node   0: [mem 0x000000007432e000-0x000000007a848fff]
[Tue Feb 27 23:04:48 2018]   node   0: [mem 0x000000007b5ff000-0x000000007b5fffff]
[Tue Feb 27 23:04:48 2018]   node   0: [mem 0x0000000100000000-0x000000047e7fffff]
[Tue Feb 27 23:04:48 2018] Initmem setup node 0 [mem 0x0000000000001000-0x000000047e7fffff]
[Tue Feb 27 23:04:48 2018] On node 0 totalpages: 4165604
[Tue Feb 27 23:04:48 2018]   DMA zone: 64 pages used for memmap
[Tue Feb 27 23:04:48 2018]   DMA zone: 21 pages reserved
[Tue Feb 27 23:04:48 2018]   DMA zone: 3996 pages, LIFO batch:0
[Tue Feb 27 23:04:48 2018]   DMA32 zone: 7778 pages used for memmap
[Tue Feb 27 23:04:48 2018]   DMA32 zone: 497736 pages, LIFO batch:31
[Tue Feb 27 23:04:48 2018]   Normal zone: 57248 pages used for memmap
[Tue Feb 27 23:04:48 2018]   Normal zone: 3663872 pages, LIFO batch:31
[Tue Feb 27 23:04:48 2018] Reserved but unavailable: 99 pages
[Tue Feb 27 23:04:48 2018] Reserving Intel graphics memory at 0x000000007d800000-0x000000007f7fffff
[Tue Feb 27 23:04:48 2018] ACPI: PM-Timer IO Port: 0x1808
[Tue Feb 27 23:04:48 2018] ACPI: Local APIC address 0xfee00000
[Tue Feb 27 23:04:48 2018] ACPI: LAPIC_NMI (acpi_id[0x01] high edge lint[0x1])
[Tue Feb 27 23:04:48 2018] ACPI: LAPIC_NMI (acpi_id[0x02] high edge lint[0x1])
[Tue Feb 27 23:04:48 2018] ACPI: LAPIC_NMI (acpi_id[0x03] high edge lint[0x1])
[Tue Feb 27 23:04:48 2018] ACPI: LAPIC_NMI (acpi_id[0x04] high edge lint[0x1])
[Tue Feb 27 23:04:48 2018] IOAPIC[0]: apic_id 2, version 32, address 0xfec00000, GSI 0-119
[Tue Feb 27 23:04:48 2018] ACPI: INT_SRC_OVR (bus 0 bus_irq 0 global_irq 2 dfl dfl)
[Tue Feb 27 23:04:48 2018] ACPI: INT_SRC_OVR (bus 0 bus_irq 9 global_irq 9 high level)
[Tue Feb 27 23:04:48 2018] ACPI: IRQ0 used by override.
[Tue Feb 27 23:04:48 2018] ACPI: IRQ9 used by override.
[Tue Feb 27 23:04:48 2018] Using ACPI (MADT) for SMP configuration information
[Tue Feb 27 23:04:48 2018] ACPI: HPET id: 0x8086a701 base: 0xfed00000
[Tue Feb 27 23:04:48 2018] smpboot: Allowing 4 CPUs, 0 hotplug CPUs
[Tue Feb 27 23:04:48 2018] PM: Registered nosave memory: [mem 0x00000000-0x00000fff]
[Tue Feb 27 23:04:48 2018] PM: Registered nosave memory: [mem 0x00058000-0x00058fff]
[Tue Feb 27 23:04:48 2018] PM: Registered nosave memory: [mem 0x0009e000-0x000fffff]
[Tue Feb 27 23:04:48 2018] PM: Registered nosave memory: [mem 0x721e9000-0x721e9fff]
[Tue Feb 27 23:04:48 2018] PM: Registered nosave memory: [mem 0x721f9000-0x721f9fff]
[Tue Feb 27 23:04:48 2018] PM: Registered nosave memory: [mem 0x7432c000-0x7432cfff]
[Tue Feb 27 23:04:48 2018] PM: Registered nosave memory: [mem 0x7432d000-0x7432dfff]
[Tue Feb 27 23:04:48 2018] PM: Registered nosave memory: [mem 0x7a849000-0x7abd3fff]
[Tue Feb 27 23:04:48 2018] PM: Registered nosave memory: [mem 0x7abd4000-0x7ac17fff]
[Tue Feb 27 23:04:48 2018] PM: Registered nosave memory: [mem 0x7ac18000-0x7aefcfff]
[Tue Feb 27 23:04:48 2018] PM: Registered nosave memory: [mem 0x7aefd000-0x7b5fefff]
[Tue Feb 27 23:04:48 2018] PM: Registered nosave memory: [mem 0x7b600000-0x7f7fffff]
[Tue Feb 27 23:04:48 2018] PM: Registered nosave memory: [mem 0x7f800000-0xdfffffff]
[Tue Feb 27 23:04:48 2018] PM: Registered nosave memory: [mem 0xe0000000-0xefffffff]
[Tue Feb 27 23:04:48 2018] PM: Registered nosave memory: [mem 0xf0000000-0xfdffffff]
[Tue Feb 27 23:04:48 2018] PM: Registered nosave memory: [mem 0xfe000000-0xfe010fff]
[Tue Feb 27 23:04:48 2018] PM: Registered nosave memory: [mem 0xfe011000-0xfebfffff]
[Tue Feb 27 23:04:48 2018] PM: Registered nosave memory: [mem 0xfec00000-0xfec00fff]
[Tue Feb 27 23:04:48 2018] PM: Registered nosave memory: [mem 0xfec01000-0xfedfffff]
[Tue Feb 27 23:04:48 2018] PM: Registered nosave memory: [mem 0xfee00000-0xfee00fff]
[Tue Feb 27 23:04:48 2018] PM: Registered nosave memory: [mem 0xfee01000-0xfeffffff]
[Tue Feb 27 23:04:48 2018] PM: Registered nosave memory: [mem 0xff000000-0xffffffff]
[Tue Feb 27 23:04:48 2018] e820: [mem 0x7f800000-0xdfffffff] available for PCI devices
[Tue Feb 27 23:04:48 2018] Booting paravirtualized kernel on bare hardware
[Tue Feb 27 23:04:48 2018] clocksource: refined-jiffies: mask: 0xffffffff max_cycles: 0xffffffff, max_idle_ns: 7645519600211568 ns
[Tue Feb 27 23:04:48 2018] setup_percpu: NR_CPUS:512 nr_cpumask_bits:512 nr_cpu_ids:4 nr_node_ids:1
[Tue Feb 27 23:04:48 2018] percpu: Embedded 47 pages/cpu @        (ptrval) s155648 r8192 d28672 u524288
[Tue Feb 27 23:04:48 2018] pcpu-alloc: s155648 r8192 d28672 u524288 alloc=1*2097152
[Tue Feb 27 23:04:48 2018] pcpu-alloc: [0] 0 1 2 3 
[Tue Feb 27 23:04:48 2018] Built 1 zonelists, mobility grouping on.  Total pages: 4100493
[Tue Feb 27 23:04:48 2018] Policy zone: Normal
[Tue Feb 27 23:04:48 2018] Kernel command line: BOOT_IMAGE=/boot/vmlinuz-4.15.4-1-default root=/dev/mapper/system-root resume=/dev/system/swap splash=silent quiet showopts
[Tue Feb 27 23:04:48 2018] Memory: 4110604K/16662416K available (10252K kernel code, 1425K rwdata, 3420K rodata, 1972K init, 1380K bss, 412628K reserved, 0K cma-reserved)
[Tue Feb 27 23:04:48 2018] Kernel/User page tables isolation: enabled
[Tue Feb 27 23:04:48 2018] ftrace: allocating 33777 entries in 132 pages
[Tue Feb 27 23:04:48 2018] Preemptible hierarchical RCU implementation.
[Tue Feb 27 23:04:48 2018] 	RCU restricting CPUs from NR_CPUS=512 to nr_cpu_ids=4.
[Tue Feb 27 23:04:48 2018] 	Tasks RCU enabled.
[Tue Feb 27 23:04:48 2018] RCU: Adjusting geometry for rcu_fanout_leaf=16, nr_cpu_ids=4
[Tue Feb 27 23:04:48 2018] NR_IRQS: 33024, nr_irqs: 1024, preallocated irqs: 16
[Tue Feb 27 23:04:48 2018] Console: colour dummy device 80x25
[Tue Feb 27 23:04:48 2018] console [tty0] enabled
[Tue Feb 27 23:04:48 2018] ACPI: Core revision 20170831
[Tue Feb 27 23:04:48 2018] ACPI: 11 ACPI AML tables successfully acquired and loaded
[Tue Feb 27 23:04:48 2018] clocksource: hpet: mask: 0xffffffff max_cycles: 0xffffffff, max_idle_ns: 79635855245 ns
[Tue Feb 27 23:04:48 2018] hpet clockevent registered
[Tue Feb 27 23:04:48 2018] APIC: Switch to symmetric I/O mode setup
[Tue Feb 27 23:04:48 2018] DMAR: Host address width 39
[Tue Feb 27 23:04:48 2018] DMAR: DRHD base: 0x000000fed90000 flags: 0x0
[Tue Feb 27 23:04:48 2018] DMAR: dmar0: reg_base_addr fed90000 ver 1:0 cap 1c0000c40660462 ecap 19e2ff0505e
[Tue Feb 27 23:04:48 2018] DMAR: DRHD base: 0x000000fed91000 flags: 0x1
[Tue Feb 27 23:04:48 2018] DMAR: dmar1: reg_base_addr fed91000 ver 1:0 cap d2008c40660462 ecap f050da
[Tue Feb 27 23:04:48 2018] DMAR: RMRR base: 0x0000007a917000 end: 0x0000007a936fff
[Tue Feb 27 23:04:48 2018] DMAR: RMRR base: 0x0000007d000000 end: 0x0000007f7fffff
[Tue Feb 27 23:04:48 2018] DMAR: ANDD device: 1 name: \_SB.PCI0.I2C0
[Tue Feb 27 23:04:48 2018] DMAR: ANDD device: 2 name: \_SB.PCI0.I2C1
[Tue Feb 27 23:04:48 2018] DMAR-IR: IOAPIC id 2 under DRHD base  0xfed91000 IOMMU 1
[Tue Feb 27 23:04:48 2018] DMAR-IR: HPET id 0 under DRHD base 0xfed91000
[Tue Feb 27 23:04:48 2018] DMAR-IR: Queued invalidation will be enabled to support x2apic and Intr-remapping.
[Tue Feb 27 23:04:48 2018] DMAR-IR: Enabled IRQ remapping in x2apic mode
[Tue Feb 27 23:04:48 2018] x2apic enabled
[Tue Feb 27 23:04:48 2018] Switched APIC routing to cluster x2apic.
[Tue Feb 27 23:04:48 2018] ..TIMER: vector=0x30 apic1=0 pin1=2 apic2=-1 pin2=-1
[Tue Feb 27 23:04:48 2018] tsc: Detected 2900.000 MHz processor
[Tue Feb 27 23:04:48 2018] tsc: Detected 2904.000 MHz TSC
[Tue Feb 27 23:04:48 2018] Calibrating delay loop (skipped), value calculated using timer frequency.. 5808.00 BogoMIPS (lpj=11616000)
[Tue Feb 27 23:04:48 2018] pid_max: default: 32768 minimum: 301
[Tue Feb 27 23:04:48 2018] Security Framework initialized
[Tue Feb 27 23:04:48 2018] AppArmor: AppArmor initialized
[Tue Feb 27 23:04:48 2018] Dentry cache hash table entries: 2097152 (order: 12, 16777216 bytes)
[Tue Feb 27 23:04:48 2018] Inode-cache hash table entries: 1048576 (order: 11, 8388608 bytes)
[Tue Feb 27 23:04:48 2018] Mount-cache hash table entries: 32768 (order: 6, 262144 bytes)
[Tue Feb 27 23:04:48 2018] Mountpoint-cache hash table entries: 32768 (order: 6, 262144 bytes)
[Tue Feb 27 23:04:48 2018] CPU: Physical Processor ID: 0
[Tue Feb 27 23:04:48 2018] CPU: Processor Core ID: 0
[Tue Feb 27 23:04:48 2018] ENERGY_PERF_BIAS: Set to 'normal', was 'performance'
[Tue Feb 27 23:04:48 2018] ENERGY_PERF_BIAS: View and update with x86_energy_perf_policy(8)
[Tue Feb 27 23:04:48 2018] mce: CPU supports 8 MCE banks
[Tue Feb 27 23:04:48 2018] CPU0: Thermal monitoring enabled (TM1)
[Tue Feb 27 23:04:48 2018] process: using mwait in idle threads
[Tue Feb 27 23:04:48 2018] Last level iTLB entries: 4KB 64, 2MB 8, 4MB 8
[Tue Feb 27 23:04:48 2018] Last level dTLB entries: 4KB 64, 2MB 0, 4MB 0, 1GB 4
[Tue Feb 27 23:04:48 2018] Spectre V2 : Mitigation: Full generic retpoline
[Tue Feb 27 23:04:48 2018] Spectre V2 : Filling RSB on context switch
[Tue Feb 27 23:04:48 2018] Freeing SMP alternatives memory: 32K
[Tue Feb 27 23:04:48 2018] TSC deadline timer enabled
[Tue Feb 27 23:04:48 2018] smpboot: CPU0: Intel(R) Core(TM) i7-7500U CPU @ 2.70GHz (family: 0x6, model: 0x8e, stepping: 0x9)
[Tue Feb 27 23:04:48 2018] Performance Events: PEBS fmt3+, Skylake events, 32-deep LBR, full-width counters, Intel PMU driver.
[Tue Feb 27 23:04:48 2018] ... version:                4
[Tue Feb 27 23:04:48 2018] ... bit width:              48
[Tue Feb 27 23:04:48 2018] ... generic registers:      4
[Tue Feb 27 23:04:48 2018] ... value mask:             0000ffffffffffff
[Tue Feb 27 23:04:48 2018] ... max period:             00007fffffffffff
[Tue Feb 27 23:04:48 2018] ... fixed-purpose events:   3
[Tue Feb 27 23:04:48 2018] ... event mask:             000000070000000f
[Tue Feb 27 23:04:48 2018] Hierarchical SRCU implementation.
[Tue Feb 27 23:04:48 2018] NMI watchdog: Enabled. Permanently consumes one hw-PMU counter.
[Tue Feb 27 23:04:48 2018] smp: Bringing up secondary CPUs ...
[Tue Feb 27 23:04:48 2018] x86: Booting SMP configuration:
[Tue Feb 27 23:04:48 2018] .... node  #0, CPUs:      #1 #2 #3
[Tue Feb 27 23:04:48 2018] smp: Brought up 1 node, 4 CPUs
[Tue Feb 27 23:04:48 2018] smpboot: Max logical packages: 1
[Tue Feb 27 23:04:48 2018] smpboot: Total of 4 processors activated (23232.00 BogoMIPS)
[Tue Feb 27 23:04:48 2018] node 0 initialised, 3034796 pages in 96ms
[Tue Feb 27 23:04:48 2018] devtmpfs: initialized
[Tue Feb 27 23:04:48 2018] x86/mm: Memory block size: 128MB
[Tue Feb 27 23:04:48 2018] PM: Registering ACPI NVS region [mem 0x7432c000-0x7432cfff] (4096 bytes)
[Tue Feb 27 23:04:48 2018] PM: Registering ACPI NVS region [mem 0x7ac18000-0x7aefcfff] (3035136 bytes)
[Tue Feb 27 23:04:48 2018] clocksource: jiffies: mask: 0xffffffff max_cycles: 0xffffffff, max_idle_ns: 7645041785100000 ns
[Tue Feb 27 23:04:48 2018] futex hash table entries: 1024 (order: 4, 65536 bytes)
[Tue Feb 27 23:04:48 2018] pinctrl core: initialized pinctrl subsystem
[Tue Feb 27 23:04:48 2018] RTC time: 22:04:56, date: 02/27/18
[Tue Feb 27 23:04:48 2018] NET: Registered protocol family 16
[Tue Feb 27 23:04:48 2018] audit: initializing netlink subsys (disabled)
[Tue Feb 27 23:04:48 2018] audit: type=2000 audit(1519769095.284:1): state=initialized audit_enabled=0 res=1
[Tue Feb 27 23:04:48 2018] cpuidle: using governor ladder
[Tue Feb 27 23:04:48 2018] cpuidle: using governor menu
[Tue Feb 27 23:04:48 2018] Simple Boot Flag at 0x47 set to 0x80
[Tue Feb 27 23:04:48 2018] ACPI FADT declares the system doesn't support PCIe ASPM, so disable it
[Tue Feb 27 23:04:48 2018] ACPI: bus type PCI registered
[Tue Feb 27 23:04:48 2018] acpiphp: ACPI Hot Plug PCI Controller Driver version: 0.5
[Tue Feb 27 23:04:48 2018] PCI: MMCONFIG for domain 0000 [bus 00-ff] at [mem 0xe0000000-0xefffffff] (base 0xe0000000)
[Tue Feb 27 23:04:48 2018] PCI: MMCONFIG at [mem 0xe0000000-0xefffffff] reserved in E820
[Tue Feb 27 23:04:48 2018] PCI: Using configuration type 1 for base access
[Tue Feb 27 23:04:48 2018] HugeTLB registered 1.00 GiB page size, pre-allocated 0 pages
[Tue Feb 27 23:04:48 2018] HugeTLB registered 2.00 MiB page size, pre-allocated 0 pages
[Tue Feb 27 23:04:48 2018] ACPI: Added _OSI(Module Device)
[Tue Feb 27 23:04:48 2018] ACPI: Added _OSI(Processor Device)
[Tue Feb 27 23:04:48 2018] ACPI: Added _OSI(3.0 _SCP Extensions)
[Tue Feb 27 23:04:48 2018] ACPI: Added _OSI(Processor Aggregator Device)
[Tue Feb 27 23:04:48 2018] ACPI: Executed 34 blocks of module-level executable AML code
[Tue Feb 27 23:04:48 2018] ACPI: [Firmware Bug]: BIOS _OSI(Linux) query ignored
[Tue Feb 27 23:04:48 2018] ACPI: Dynamic OEM Table Load:
[Tue Feb 27 23:04:48 2018] ACPI: SSDT 0xFFFF9FBBC7D65000 0006F6 (v02 PmRef  Cpu0Ist  00003000 INTL 20160422)
[Tue Feb 27 23:04:48 2018] ACPI: Executed 1 blocks of module-level executable AML code
[Tue Feb 27 23:04:48 2018] ACPI: \_PR_.CPU0: _OSC native thermal LVT Acked
[Tue Feb 27 23:04:48 2018] ACPI: Dynamic OEM Table Load:
[Tue Feb 27 23:04:48 2018] ACPI: SSDT 0xFFFF9FBBC5FE5C00 0003FF (v02 PmRef  Cpu0Cst  00003001 INTL 20160422)
[Tue Feb 27 23:04:48 2018] ACPI: Executed 1 blocks of module-level executable AML code
[Tue Feb 27 23:04:48 2018] ACPI: Dynamic OEM Table Load:
[Tue Feb 27 23:04:48 2018] ACPI: SSDT 0xFFFF9FBBC7D65800 00065C (v02 PmRef  ApIst    00003000 INTL 20160422)
[Tue Feb 27 23:04:48 2018] ACPI: Executed 1 blocks of module-level executable AML code
[Tue Feb 27 23:04:48 2018] ACPI: Dynamic OEM Table Load:
[Tue Feb 27 23:04:48 2018] ACPI: SSDT 0xFFFF9FBEBE57CA00 00018A (v02 PmRef  ApCst    00003000 INTL 20160422)
[Tue Feb 27 23:04:48 2018] ACPI: Executed 1 blocks of module-level executable AML code
[Tue Feb 27 23:04:48 2018] ACPI: EC: EC started
[Tue Feb 27 23:04:48 2018] ACPI: EC: interrupt blocked
[Tue Feb 27 23:04:48 2018] ACPI: \_SB_.PCI0.LPCB.ECDV: Used as first EC
[Tue Feb 27 23:04:48 2018] ACPI: \_SB_.PCI0.LPCB.ECDV: GPE=0x14, EC_CMD/EC_SC=0x934, EC_DATA=0x930
[Tue Feb 27 23:04:48 2018] ACPI: \_SB_.PCI0.LPCB.ECDV: Used as boot DSDT EC to handle transactions
[Tue Feb 27 23:04:48 2018] ACPI: Interpreter enabled
[Tue Feb 27 23:04:48 2018] ACPI: (supports S0 S3 S4 S5)
[Tue Feb 27 23:04:48 2018] ACPI: Using IOAPIC for interrupt routing
[Tue Feb 27 23:04:48 2018] PCI: Using host bridge windows from ACPI; if necessary, use "pci=nocrs" and report a bug
[Tue Feb 27 23:04:48 2018] ACPI: Enabled 8 GPEs in block 00 to 7F
[Tue Feb 27 23:04:48 2018] ACPI: Power Resource [WRST] (on)
[Tue Feb 27 23:04:48 2018] ACPI: Power Resource [WRST] (on)
[Tue Feb 27 23:04:48 2018] ACPI: Power Resource [WRST] (on)
[Tue Feb 27 23:04:48 2018] ACPI: Power Resource [WRST] (on)
[Tue Feb 27 23:04:48 2018] ACPI: Power Resource [WRST] (on)
[Tue Feb 27 23:04:48 2018] ACPI: Power Resource [WRST] (on)
[Tue Feb 27 23:04:48 2018] ACPI: Power Resource [WRST] (on)
[Tue Feb 27 23:04:48 2018] ACPI: Power Resource [WRST] (on)
[Tue Feb 27 23:04:48 2018] ACPI: Power Resource [WRST] (on)
[Tue Feb 27 23:04:48 2018] ACPI: Power Resource [WRST] (on)
[Tue Feb 27 23:04:48 2018] ACPI: Power Resource [WRST] (on)
[Tue Feb 27 23:04:48 2018] ACPI: Power Resource [WRST] (on)
[Tue Feb 27 23:04:48 2018] ACPI: Power Resource [WRST] (on)
[Tue Feb 27 23:04:48 2018] ACPI: Power Resource [WRST] (on)
[Tue Feb 27 23:04:48 2018] ACPI: Power Resource [WRST] (on)
[Tue Feb 27 23:04:48 2018] ACPI: Power Resource [WRST] (on)
[Tue Feb 27 23:04:48 2018] ACPI: Power Resource [WRST] (on)
[Tue Feb 27 23:04:48 2018] ACPI: Power Resource [WRST] (on)
[Tue Feb 27 23:04:48 2018] ACPI: Power Resource [WRST] (on)
[Tue Feb 27 23:04:48 2018] ACPI: Power Resource [WRST] (on)
[Tue Feb 27 23:04:48 2018] ACPI: PCI Root Bridge [PCI0] (domain 0000 [bus 00-fe])
[Tue Feb 27 23:04:48 2018] acpi PNP0A08:00: _OSC: OS supports [ExtendedConfig ASPM ClockPM Segments MSI]
[Tue Feb 27 23:04:48 2018] acpi PNP0A08:00: _OSC: platform does not support [PCIeHotplug PME]
[Tue Feb 27 23:04:48 2018] acpi PNP0A08:00: _OSC: OS now controls [AER PCIeCapability]
[Tue Feb 27 23:04:48 2018] acpi PNP0A08:00: FADT indicates ASPM is unsupported, using BIOS configuration
[Tue Feb 27 23:04:48 2018] PCI host bridge to bus 0000:00
[Tue Feb 27 23:04:48 2018] pci_bus 0000:00: root bus resource [io  0x0000-0x0cf7 window]
[Tue Feb 27 23:04:48 2018] pci_bus 0000:00: root bus resource [io  0x0d00-0xffff window]
[Tue Feb 27 23:04:48 2018] pci_bus 0000:00: root bus resource [mem 0x000a0000-0x000bffff window]
[Tue Feb 27 23:04:48 2018] pci_bus 0000:00: root bus resource [mem 0x000c0000-0x000c3fff window]
[Tue Feb 27 23:04:48 2018] pci_bus 0000:00: root bus resource [mem 0x000c4000-0x000c7fff window]
[Tue Feb 27 23:04:48 2018] pci_bus 0000:00: root bus resource [mem 0x000c8000-0x000cbfff window]
[Tue Feb 27 23:04:48 2018] pci_bus 0000:00: root bus resource [mem 0x000cc000-0x000cffff window]
[Tue Feb 27 23:04:48 2018] pci_bus 0000:00: root bus resource [mem 0x000d0000-0x000d3fff window]
[Tue Feb 27 23:04:48 2018] pci_bus 0000:00: root bus resource [mem 0x000d4000-0x000d7fff window]
[Tue Feb 27 23:04:48 2018] pci_bus 0000:00: root bus resource [mem 0x000d8000-0x000dbfff window]
[Tue Feb 27 23:04:48 2018] pci_bus 0000:00: root bus resource [mem 0x000dc000-0x000dffff window]
[Tue Feb 27 23:04:48 2018] pci_bus 0000:00: root bus resource [mem 0x7f800000-0xdfffffff window]
[Tue Feb 27 23:04:48 2018] pci_bus 0000:00: root bus resource [mem 0xfd000000-0xfe7fffff window]
[Tue Feb 27 23:04:48 2018] pci_bus 0000:00: root bus resource [bus 00-fe]
[Tue Feb 27 23:04:48 2018] pci 0000:00:00.0: [8086:5904] type 00 class 0x060000
[Tue Feb 27 23:04:48 2018] pci 0000:00:02.0: [8086:5916] type 00 class 0x030000
[Tue Feb 27 23:04:48 2018] pci 0000:00:02.0: reg 0x10: [mem 0xdb000000-0xdbffffff 64bit]
[Tue Feb 27 23:04:48 2018] pci 0000:00:02.0: reg 0x18: [mem 0x90000000-0x9fffffff 64bit pref]
[Tue Feb 27 23:04:48 2018] pci 0000:00:02.0: reg 0x20: [io  0xf000-0xf03f]
[Tue Feb 27 23:04:48 2018] pci 0000:00:02.0: BAR 2: assigned to efifb
[Tue Feb 27 23:04:48 2018] pci 0000:00:04.0: [8086:1903] type 00 class 0x118000
[Tue Feb 27 23:04:48 2018] pci 0000:00:04.0: reg 0x10: [mem 0xdc320000-0xdc327fff 64bit]
[Tue Feb 27 23:04:48 2018] pci 0000:00:14.0: [8086:9d2f] type 00 class 0x0c0330
[Tue Feb 27 23:04:48 2018] pci 0000:00:14.0: reg 0x10: [mem 0xdc310000-0xdc31ffff 64bit]
[Tue Feb 27 23:04:48 2018] pci 0000:00:14.0: PME# supported from D3hot D3cold
[Tue Feb 27 23:04:48 2018] pci 0000:00:14.2: [8086:9d31] type 00 class 0x118000
[Tue Feb 27 23:04:48 2018] pci 0000:00:14.2: reg 0x10: [mem 0xdc334000-0xdc334fff 64bit]
[Tue Feb 27 23:04:48 2018] pci 0000:00:15.0: [8086:9d60] type 00 class 0x118000
[Tue Feb 27 23:04:48 2018] pci 0000:00:15.0: reg 0x10: [mem 0xdc333000-0xdc333fff 64bit]
[Tue Feb 27 23:04:48 2018] pci 0000:00:15.1: [8086:9d61] type 00 class 0x118000
[Tue Feb 27 23:04:48 2018] pci 0000:00:15.1: reg 0x10: [mem 0xdc332000-0xdc332fff 64bit]
[Tue Feb 27 23:04:48 2018] pci 0000:00:16.0: [8086:9d3a] type 00 class 0x078000
[Tue Feb 27 23:04:48 2018] pci 0000:00:16.0: reg 0x10: [mem 0xdc331000-0xdc331fff 64bit]
[Tue Feb 27 23:04:48 2018] pci 0000:00:16.0: PME# supported from D3hot
[Tue Feb 27 23:04:48 2018] pci 0000:00:1c.0: [8086:9d10] type 01 class 0x060400
[Tue Feb 27 23:04:48 2018] pci 0000:00:1c.0: PME# supported from D0 D3hot D3cold
[Tue Feb 27 23:04:48 2018] pci 0000:00:1c.4: [8086:9d14] type 01 class 0x060400
[Tue Feb 27 23:04:48 2018] pci 0000:00:1c.4: PME# supported from D0 D3hot D3cold
[Tue Feb 27 23:04:48 2018] pci 0000:00:1c.5: [8086:9d15] type 01 class 0x060400
[Tue Feb 27 23:04:48 2018] pci 0000:00:1c.5: PME# supported from D0 D3hot D3cold
[Tue Feb 27 23:04:48 2018] pci 0000:00:1d.0: [8086:9d18] type 01 class 0x060400
[Tue Feb 27 23:04:48 2018] pci 0000:00:1d.0: PME# supported from D0 D3hot D3cold
[Tue Feb 27 23:04:48 2018] pci 0000:00:1f.0: [8086:9d58] type 00 class 0x060100
[Tue Feb 27 23:04:48 2018] pci 0000:00:1f.2: [8086:9d21] type 00 class 0x058000
[Tue Feb 27 23:04:48 2018] pci 0000:00:1f.2: reg 0x10: [mem 0xdc32c000-0xdc32ffff]
[Tue Feb 27 23:04:48 2018] pci 0000:00:1f.3: [8086:9d71] type 00 class 0x040380
[Tue Feb 27 23:04:48 2018] pci 0000:00:1f.3: reg 0x10: [mem 0xdc328000-0xdc32bfff 64bit]
[Tue Feb 27 23:04:48 2018] pci 0000:00:1f.3: reg 0x20: [mem 0xdc300000-0xdc30ffff 64bit]
[Tue Feb 27 23:04:48 2018] pci 0000:00:1f.3: PME# supported from D3hot D3cold
[Tue Feb 27 23:04:48 2018] pci 0000:00:1f.4: [8086:9d23] type 00 class 0x0c0500
[Tue Feb 27 23:04:48 2018] pci 0000:00:1f.4: reg 0x10: [mem 0xdc330000-0xdc3300ff 64bit]
[Tue Feb 27 23:04:48 2018] pci 0000:00:1f.4: reg 0x20: [io  0xf040-0xf05f]
[Tue Feb 27 23:04:48 2018] pci 0000:00:1c.0: PCI bridge to [bus 01-39]
[Tue Feb 27 23:04:48 2018] pci 0000:00:1c.0:   bridge window [mem 0xc4000000-0xda0fffff]
[Tue Feb 27 23:04:48 2018] pci 0000:00:1c.0:   bridge window [mem 0xa0000000-0xc1ffffff 64bit pref]
[Tue Feb 27 23:04:48 2018] pci 0000:3a:00.0: [8086:24fd] type 00 class 0x028000
[Tue Feb 27 23:04:48 2018] pci 0000:3a:00.0: reg 0x10: [mem 0xdc200000-0xdc201fff 64bit]
[Tue Feb 27 23:04:48 2018] pci 0000:3a:00.0: PME# supported from D0 D3hot D3cold
[Tue Feb 27 23:04:48 2018] pci 0000:00:1c.4: PCI bridge to [bus 3a]
[Tue Feb 27 23:04:48 2018] pci 0000:00:1c.4:   bridge window [mem 0xdc200000-0xdc2fffff]
[Tue Feb 27 23:04:48 2018] pci 0000:3b:00.0: [10ec:525a] type 00 class 0xff0000
[Tue Feb 27 23:04:48 2018] pci 0000:3b:00.0: reg 0x14: [mem 0xdc100000-0xdc100fff]
[Tue Feb 27 23:04:48 2018] pci 0000:3b:00.0: supports D1 D2
[Tue Feb 27 23:04:48 2018] pci 0000:3b:00.0: PME# supported from D1 D2 D3hot D3cold
[Tue Feb 27 23:04:48 2018] pci 0000:00:1c.5: PCI bridge to [bus 3b]
[Tue Feb 27 23:04:48 2018] pci 0000:00:1c.5:   bridge window [mem 0xdc100000-0xdc1fffff]
[Tue Feb 27 23:04:48 2018] pci 0000:3c:00.0: [1179:0115] type 00 class 0x010802
[Tue Feb 27 23:04:48 2018] pci 0000:3c:00.0: reg 0x10: [mem 0xdc000000-0xdc003fff 64bit]
[Tue Feb 27 23:04:48 2018] pci 0000:3c:00.0: enabling Extended Tags
[Tue Feb 27 23:04:48 2018] pci 0000:00:1d.0: PCI bridge to [bus 3c]
[Tue Feb 27 23:04:48 2018] pci 0000:00:1d.0:   bridge window [mem 0xdc000000-0xdc0fffff]
[Tue Feb 27 23:04:48 2018] ACPI: PCI Interrupt Link [LNKA] (IRQs 3 4 5 6 10 *11 12 14 15)
[Tue Feb 27 23:04:48 2018] ACPI: PCI Interrupt Link [LNKB] (IRQs 3 4 5 6 *10 11 12 14 15)
[Tue Feb 27 23:04:48 2018] ACPI: PCI Interrupt Link [LNKC] (IRQs 3 4 5 6 10 *11 12 14 15)
[Tue Feb 27 23:04:48 2018] ACPI: PCI Interrupt Link [LNKD] (IRQs 3 4 5 6 10 *11 12 14 15)
[Tue Feb 27 23:04:48 2018] ACPI: PCI Interrupt Link [LNKE] (IRQs 3 4 5 6 10 *11 12 14 15)
[Tue Feb 27 23:04:48 2018] ACPI: PCI Interrupt Link [LNKF] (IRQs 3 4 5 6 10 *11 12 14 15)
[Tue Feb 27 23:04:48 2018] ACPI: PCI Interrupt Link [LNKG] (IRQs 3 4 5 6 10 *11 12 14 15)
[Tue Feb 27 23:04:48 2018] ACPI: PCI Interrupt Link [LNKH] (IRQs 3 4 5 6 10 *11 12 14 15)
[Tue Feb 27 23:04:48 2018] ACPI: \_SB_.PEPD: Low Power S0 Idle interface disabled
[Tue Feb 27 23:04:48 2018] ACPI: EC: interrupt unblocked
[Tue Feb 27 23:04:48 2018] ACPI: EC: event unblocked
[Tue Feb 27 23:04:48 2018] ACPI: \_SB_.PCI0.LPCB.ECDV: GPE=0x14, EC_CMD/EC_SC=0x934, EC_DATA=0x930
[Tue Feb 27 23:04:48 2018] ACPI: \_SB_.PCI0.LPCB.ECDV: Used as boot DSDT EC to handle transactions and events
[Tue Feb 27 23:04:48 2018] pci 0000:00:02.0: vgaarb: setting as boot VGA device
[Tue Feb 27 23:04:48 2018] pci 0000:00:02.0: vgaarb: VGA device added: decodes=io+mem,owns=io+mem,locks=none
[Tue Feb 27 23:04:48 2018] pci 0000:00:02.0: vgaarb: bridge control possible
[Tue Feb 27 23:04:48 2018] vgaarb: loaded
[Tue Feb 27 23:04:48 2018] SCSI subsystem initialized
[Tue Feb 27 23:04:48 2018] libata version 3.00 loaded.
[Tue Feb 27 23:04:48 2018] EDAC MC: Ver: 3.0.0
[Tue Feb 27 23:04:48 2018] Registered efivars operations
[Tue Feb 27 23:04:48 2018] PCI: Using ACPI for IRQ routing
[Tue Feb 27 23:04:48 2018] PCI: pci_cache_line_size set to 64 bytes
[Tue Feb 27 23:04:48 2018] e820: reserve RAM buffer [mem 0x00058000-0x0005ffff]
[Tue Feb 27 23:04:48 2018] e820: reserve RAM buffer [mem 0x0009e000-0x0009ffff]
[Tue Feb 27 23:04:48 2018] e820: reserve RAM buffer [mem 0x721e9018-0x73ffffff]
[Tue Feb 27 23:04:48 2018] e820: reserve RAM buffer [mem 0x7432c000-0x77ffffff]
[Tue Feb 27 23:04:48 2018] e820: reserve RAM buffer [mem 0x7a849000-0x7bffffff]
[Tue Feb 27 23:04:48 2018] e820: reserve RAM buffer [mem 0x7b600000-0x7bffffff]
[Tue Feb 27 23:04:48 2018] e820: reserve RAM buffer [mem 0x47e800000-0x47fffffff]
[Tue Feb 27 23:04:48 2018] NetLabel: Initializing
[Tue Feb 27 23:04:48 2018] NetLabel:  domain hash size = 128
[Tue Feb 27 23:04:48 2018] NetLabel:  protocols = UNLABELED CIPSOv4 CALIPSO
[Tue Feb 27 23:04:48 2018] NetLabel:  unlabeled traffic allowed by default
[Tue Feb 27 23:04:48 2018] hpet0: at MMIO 0xfed00000, IRQs 2, 8, 0, 0, 0, 0, 0, 0
[Tue Feb 27 23:04:48 2018] hpet0: 8 comparators, 64-bit 24.000000 MHz counter
[Tue Feb 27 23:04:48 2018] clocksource: Switched to clocksource hpet
[Tue Feb 27 23:04:48 2018] VFS: Disk quotas dquot_6.6.0
[Tue Feb 27 23:04:48 2018] VFS: Dquot-cache hash table entries: 512 (order 0, 4096 bytes)
[Tue Feb 27 23:04:48 2018] AppArmor: AppArmor Filesystem Enabled
[Tue Feb 27 23:04:48 2018] pnp: PnP ACPI init
[Tue Feb 27 23:04:48 2018] system 00:00: [io  0x0680-0x069f] has been reserved
[Tue Feb 27 23:04:48 2018] system 00:00: [io  0xffff] has been reserved
[Tue Feb 27 23:04:48 2018] system 00:00: [io  0xffff] has been reserved
[Tue Feb 27 23:04:48 2018] system 00:00: [io  0xffff] has been reserved
[Tue Feb 27 23:04:48 2018] system 00:00: [io  0x1800-0x18fe] has been reserved
[Tue Feb 27 23:04:48 2018] system 00:00: [io  0x164e-0x164f] has been reserved
[Tue Feb 27 23:04:48 2018] system 00:00: Plug and Play ACPI device, IDs PNP0c02 (active)
[Tue Feb 27 23:04:48 2018] pnp 00:01: Plug and Play ACPI device, IDs PNP0b00 (active)
[Tue Feb 27 23:04:48 2018] system 00:02: [io  0x1854-0x1857] has been reserved
[Tue Feb 27 23:04:48 2018] system 00:02: Plug and Play ACPI device, IDs INT3f0d PNP0c02 (active)
[Tue Feb 27 23:04:48 2018] pnp 00:03: Plug and Play ACPI device, IDs PNP0303 (active)
[Tue Feb 27 23:04:48 2018] pnp 00:04: Plug and Play ACPI device, IDs DLL075b PNP0f13 (active)
[Tue Feb 27 23:04:48 2018] system 00:05: [mem 0xfed10000-0xfed17fff] has been reserved
[Tue Feb 27 23:04:48 2018] system 00:05: [mem 0xfed18000-0xfed18fff] has been reserved
[Tue Feb 27 23:04:48 2018] system 00:05: [mem 0xfed19000-0xfed19fff] has been reserved
[Tue Feb 27 23:04:48 2018] system 00:05: [mem 0xe0000000-0xefffffff] has been reserved
[Tue Feb 27 23:04:48 2018] system 00:05: [mem 0xfed20000-0xfed3ffff] has been reserved
[Tue Feb 27 23:04:48 2018] system 00:05: [mem 0xfed90000-0xfed93fff] could not be reserved
[Tue Feb 27 23:04:48 2018] system 00:05: [mem 0xfed45000-0xfed8ffff] has been reserved
[Tue Feb 27 23:04:48 2018] system 00:05: [mem 0xff000000-0xffffffff] has been reserved
[Tue Feb 27 23:04:48 2018] system 00:05: [mem 0xfee00000-0xfeefffff] could not be reserved
[Tue Feb 27 23:04:48 2018] system 00:05: [mem 0xdffe0000-0xdfffffff] has been reserved
[Tue Feb 27 23:04:48 2018] system 00:05: Plug and Play ACPI device, IDs PNP0c02 (active)
[Tue Feb 27 23:04:48 2018] system 00:06: [mem 0xfd000000-0xfdabffff] has been reserved
[Tue Feb 27 23:04:48 2018] system 00:06: [mem 0xfdad0000-0xfdadffff] has been reserved
[Tue Feb 27 23:04:48 2018] system 00:06: [mem 0xfdb00000-0xfdffffff] has been reserved
[Tue Feb 27 23:04:48 2018] system 00:06: [mem 0xfe000000-0xfe01ffff] could not be reserved
[Tue Feb 27 23:04:48 2018] system 00:06: [mem 0xfe036000-0xfe03bfff] has been reserved
[Tue Feb 27 23:04:48 2018] system 00:06: [mem 0xfe03d000-0xfe3fffff] has been reserved
[Tue Feb 27 23:04:48 2018] system 00:06: [mem 0xfe410000-0xfe7fffff] has been reserved
[Tue Feb 27 23:04:48 2018] system 00:06: Plug and Play ACPI device, IDs PNP0c02 (active)
[Tue Feb 27 23:04:48 2018] system 00:07: [io  0xff00-0xfffe] has been reserved
[Tue Feb 27 23:04:48 2018] system 00:07: Plug and Play ACPI device, IDs PNP0c02 (active)
[Tue Feb 27 23:04:48 2018] system 00:08: [mem 0xfe029000-0xfe029fff] has been reserved
[Tue Feb 27 23:04:48 2018] system 00:08: [mem 0xfe028000-0xfe028fff] has been reserved
[Tue Feb 27 23:04:48 2018] system 00:08: Plug and Play ACPI device, IDs PNP0c02 (active)
[Tue Feb 27 23:04:48 2018] pnp: PnP ACPI: found 9 devices
[Tue Feb 27 23:04:48 2018] clocksource: acpi_pm: mask: 0xffffff max_cycles: 0xffffff, max_idle_ns: 2085701024 ns
[Tue Feb 27 23:04:48 2018] pci 0000:00:1c.0: bridge window [io  0x1000-0x0fff] to [bus 01-39] add_size 1000
[Tue Feb 27 23:04:48 2018] pci 0000:00:1c.0: BAR 13: assigned [io  0x2000-0x2fff]
[Tue Feb 27 23:04:48 2018] pci 0000:00:1c.0: PCI bridge to [bus 01-39]
[Tue Feb 27 23:04:48 2018] pci 0000:00:1c.0:   bridge window [io  0x2000-0x2fff]
[Tue Feb 27 23:04:48 2018] pci 0000:00:1c.0:   bridge window [mem 0xc4000000-0xda0fffff]
[Tue Feb 27 23:04:48 2018] pci 0000:00:1c.0:   bridge window [mem 0xa0000000-0xc1ffffff 64bit pref]
[Tue Feb 27 23:04:48 2018] pci 0000:00:1c.4: PCI bridge to [bus 3a]
[Tue Feb 27 23:04:48 2018] pci 0000:00:1c.4:   bridge window [mem 0xdc200000-0xdc2fffff]
[Tue Feb 27 23:04:48 2018] pci 0000:00:1c.5: PCI bridge to [bus 3b]
[Tue Feb 27 23:04:48 2018] pci 0000:00:1c.5:   bridge window [mem 0xdc100000-0xdc1fffff]
[Tue Feb 27 23:04:48 2018] pci 0000:00:1d.0: PCI bridge to [bus 3c]
[Tue Feb 27 23:04:48 2018] pci 0000:00:1d.0:   bridge window [mem 0xdc000000-0xdc0fffff]
[Tue Feb 27 23:04:48 2018] pci_bus 0000:00: resource 4 [io  0x0000-0x0cf7 window]
[Tue Feb 27 23:04:48 2018] pci_bus 0000:00: resource 5 [io  0x0d00-0xffff window]
[Tue Feb 27 23:04:48 2018] pci_bus 0000:00: resource 6 [mem 0x000a0000-0x000bffff window]
[Tue Feb 27 23:04:48 2018] pci_bus 0000:00: resource 7 [mem 0x000c0000-0x000c3fff window]
[Tue Feb 27 23:04:48 2018] pci_bus 0000:00: resource 8 [mem 0x000c4000-0x000c7fff window]
[Tue Feb 27 23:04:48 2018] pci_bus 0000:00: resource 9 [mem 0x000c8000-0x000cbfff window]
[Tue Feb 27 23:04:48 2018] pci_bus 0000:00: resource 10 [mem 0x000cc000-0x000cffff window]
[Tue Feb 27 23:04:48 2018] pci_bus 0000:00: resource 11 [mem 0x000d0000-0x000d3fff window]
[Tue Feb 27 23:04:48 2018] pci_bus 0000:00: resource 12 [mem 0x000d4000-0x000d7fff window]
[Tue Feb 27 23:04:48 2018] pci_bus 0000:00: resource 13 [mem 0x000d8000-0x000dbfff window]
[Tue Feb 27 23:04:48 2018] pci_bus 0000:00: resource 14 [mem 0x000dc000-0x000dffff window]
[Tue Feb 27 23:04:48 2018] pci_bus 0000:00: resource 15 [mem 0x7f800000-0xdfffffff window]
[Tue Feb 27 23:04:48 2018] pci_bus 0000:00: resource 16 [mem 0xfd000000-0xfe7fffff window]
[Tue Feb 27 23:04:48 2018] pci_bus 0000:01: resource 0 [io  0x2000-0x2fff]
[Tue Feb 27 23:04:48 2018] pci_bus 0000:01: resource 1 [mem 0xc4000000-0xda0fffff]
[Tue Feb 27 23:04:48 2018] pci_bus 0000:01: resource 2 [mem 0xa0000000-0xc1ffffff 64bit pref]
[Tue Feb 27 23:04:48 2018] pci_bus 0000:3a: resource 1 [mem 0xdc200000-0xdc2fffff]
[Tue Feb 27 23:04:48 2018] pci_bus 0000:3b: resource 1 [mem 0xdc100000-0xdc1fffff]
[Tue Feb 27 23:04:48 2018] pci_bus 0000:3c: resource 1 [mem 0xdc000000-0xdc0fffff]
[Tue Feb 27 23:04:48 2018] NET: Registered protocol family 2
[Tue Feb 27 23:04:48 2018] TCP established hash table entries: 131072 (order: 8, 1048576 bytes)
[Tue Feb 27 23:04:48 2018] TCP bind hash table entries: 65536 (order: 8, 1048576 bytes)
[Tue Feb 27 23:04:48 2018] TCP: Hash tables configured (established 131072 bind 65536)
[Tue Feb 27 23:04:48 2018] UDP hash table entries: 8192 (order: 6, 262144 bytes)
[Tue Feb 27 23:04:48 2018] UDP-Lite hash table entries: 8192 (order: 6, 262144 bytes)
[Tue Feb 27 23:04:48 2018] NET: Registered protocol family 1
[Tue Feb 27 23:04:48 2018] pci 0000:00:02.0: Video device with shadowed ROM at [mem 0x000c0000-0x000dffff]
[Tue Feb 27 23:04:48 2018] PCI: CLS 0 bytes, default 64
[Tue Feb 27 23:04:48 2018] Unpacking initramfs...
[Tue Feb 27 23:04:49 2018] Freeing initrd memory: 13776K
[Tue Feb 27 23:04:49 2018] DMAR: ACPI device "device:79" under DMAR at fed91000 as 00:15.0
[Tue Feb 27 23:04:49 2018] DMAR: ACPI device "device:7a" under DMAR at fed91000 as 00:15.1
[Tue Feb 27 23:04:49 2018] PCI-DMA: Using software bounce buffering for IO (SWIOTLB)
[Tue Feb 27 23:04:49 2018] software IO TLB [mem 0x6e1e9000-0x721e9000] (64MB) mapped at [0000000033b27fe4-00000000f298316a]
[Tue Feb 27 23:04:49 2018] RAPL PMU: API unit is 2^-32 Joules, 5 fixed counters, 655360 ms ovfl timer
[Tue Feb 27 23:04:49 2018] RAPL PMU: hw unit of domain pp0-core 2^-14 Joules
[Tue Feb 27 23:04:49 2018] RAPL PMU: hw unit of domain package 2^-14 Joules
[Tue Feb 27 23:04:49 2018] RAPL PMU: hw unit of domain dram 2^-14 Joules
[Tue Feb 27 23:04:49 2018] RAPL PMU: hw unit of domain pp1-gpu 2^-14 Joules
[Tue Feb 27 23:04:49 2018] RAPL PMU: hw unit of domain psys 2^-14 Joules
[Tue Feb 27 23:04:49 2018] clocksource: tsc: mask: 0xffffffffffffffff max_cycles: 0x29dc05e54fc, max_idle_ns: 440795291716 ns
[Tue Feb 27 23:04:49 2018] Scanning for low memory corruption every 60 seconds
[Tue Feb 27 23:04:49 2018] Initialise system trusted keyrings
[Tue Feb 27 23:04:49 2018] workingset: timestamp_bits=37 max_order=22 bucket_order=0
[Tue Feb 27 23:04:49 2018] zbud: loaded
[Tue Feb 27 23:04:49 2018] Key type asymmetric registered
[Tue Feb 27 23:04:49 2018] Asymmetric key parser 'x509' registered
[Tue Feb 27 23:04:49 2018] Block layer SCSI generic (bsg) driver version 0.4 loaded (major 250)
[Tue Feb 27 23:04:49 2018] io scheduler noop registered
[Tue Feb 27 23:04:49 2018] io scheduler deadline registered
[Tue Feb 27 23:04:49 2018] io scheduler cfq registered (default)
[Tue Feb 27 23:04:49 2018] io scheduler mq-deadline registered
[Tue Feb 27 23:04:49 2018] io scheduler kyber registered
[Tue Feb 27 23:04:49 2018] io scheduler bfq registered
[Tue Feb 27 23:04:49 2018] pcieport 0000:00:1c.0: AER enabled with IRQ 122
[Tue Feb 27 23:04:49 2018] pcieport 0000:00:1c.4: AER enabled with IRQ 123
[Tue Feb 27 23:04:49 2018] pcieport 0000:00:1c.5: AER enabled with IRQ 124
[Tue Feb 27 23:04:49 2018] pcieport 0000:00:1d.0: AER enabled with IRQ 125
[Tue Feb 27 23:04:49 2018] efifb: probing for efifb
[Tue Feb 27 23:04:49 2018] efifb: framebuffer at 0x90000000, using 22500k, total 22500k
[Tue Feb 27 23:04:49 2018] efifb: mode is 3200x1800x32, linelength=12800, pages=1
[Tue Feb 27 23:04:49 2018] efifb: scrolling: redraw
[Tue Feb 27 23:04:49 2018] efifb: Truecolor: size=8:8:8:8, shift=24:16:8:0
[Tue Feb 27 23:04:49 2018] Console: switching to colour frame buffer device 400x112
[Tue Feb 27 23:04:49 2018] fb0: EFI VGA frame buffer device
[Tue Feb 27 23:04:49 2018] intel_idle: MWAIT substates: 0x11142120
[Tue Feb 27 23:04:49 2018] intel_idle: v0.4.1 model 0x8E
[Tue Feb 27 23:04:49 2018] intel_idle: lapic_timer_reliable_states 0xffffffff
[Tue Feb 27 23:04:49 2018] Serial: 8250/16550 driver, 32 ports, IRQ sharing enabled
[Tue Feb 27 23:04:49 2018] Non-volatile memory driver v1.3
[Tue Feb 27 23:04:49 2018] Linux agpgart interface v0.103
[Tue Feb 27 23:04:49 2018] nvme nvme0: pci function 0000:3c:00.0
[Tue Feb 27 23:04:49 2018] i8042: PNP: PS/2 Controller [PNP0303:PS2K,PNP0f13:PS2M] at 0x60,0x64 irq 1,12
[Tue Feb 27 23:04:49 2018] i8042: Warning: Keylock active
[Tue Feb 27 23:04:49 2018] serio: i8042 KBD port at 0x60,0x64 irq 1
[Tue Feb 27 23:04:49 2018] serio: i8042 AUX port at 0x60,0x64 irq 12
[Tue Feb 27 23:04:49 2018] mousedev: PS/2 mouse device common for all mice
[Tue Feb 27 23:04:49 2018] rtc_cmos 00:01: RTC can wake from S4
[Tue Feb 27 23:04:49 2018] rtc_cmos 00:01: rtc core: registered rtc_cmos as rtc0
[Tue Feb 27 23:04:49 2018] rtc_cmos 00:01: alarms up to one month, y3k, 242 bytes nvram, hpet irqs
[Tue Feb 27 23:04:49 2018] intel_pstate: Intel P-state driver initializing
[Tue Feb 27 23:04:49 2018] intel_pstate: HWP enabled
[Tue Feb 27 23:04:49 2018] ledtrig-cpu: registered to indicate activity on CPUs
[Tue Feb 27 23:04:49 2018] EFI Variables Facility v0.08 2004-May-17
[Tue Feb 27 23:04:49 2018] input: AT Translated Set 2 keyboard as /devices/platform/i8042/serio0/input/input0
[Tue Feb 27 23:04:49 2018] hidraw: raw HID events driver (C) Jiri Kosina
[Tue Feb 27 23:04:49 2018] intel_pmc_core 0000:00:1f.2: enabling device (0000 -> 0002)
[Tue Feb 27 23:04:49 2018] NET: Registered protocol family 10
[Tue Feb 27 23:04:49 2018] Segment Routing with IPv6
[Tue Feb 27 23:04:49 2018] RAS: Correctable Errors collector initialized.
[Tue Feb 27 23:04:49 2018] microcode: sig=0x806e9, pf=0x80, revision=0x84
[Tue Feb 27 23:04:49 2018] microcode: Microcode Update Driver: v2.2.
[Tue Feb 27 23:04:49 2018] sched_clock: Marking stable (1817737306, 0)->(1797107915, 20629391)
[Tue Feb 27 23:04:49 2018] registered taskstats version 1
[Tue Feb 27 23:04:49 2018] Loading compiled-in X.509 certificates
[Tue Feb 27 23:04:49 2018] zswap: loaded using pool lzo/zbud
[Tue Feb 27 23:04:49 2018] Key type big_key registered
[Tue Feb 27 23:04:49 2018] Key type encrypted registered
[Tue Feb 27 23:04:49 2018] AppArmor: AppArmor sha1 policy hashing enabled
[Tue Feb 27 23:04:49 2018]   Magic number: 6:851:98
[Tue Feb 27 23:04:49 2018] rtc_cmos 00:01: setting system clock to 2018-02-27 22:04:57 UTC (1519769097)
[Tue Feb 27 23:04:50 2018]  nvme0n1: p1 p2
[Tue Feb 27 23:04:50 2018] psmouse serio1: synaptics: queried max coordinates: x [..5666], y [..4734]
[Tue Feb 27 23:04:50 2018] psmouse serio1: synaptics: queried min coordinates: x [1276..], y [1118..]
[Tue Feb 27 23:04:50 2018] psmouse serio1: synaptics: Your touchpad (PNP: DLL075b PNP0f13) says it can support a different bus. If i2c-hid and hid-rmi are not used, you might want to try setting psmouse.synaptics_intertouch to 1 and report this to linux-input@vger.kernel.org.
[Tue Feb 27 23:04:50 2018] psmouse serio1: synaptics: Touchpad model: 1, fw: 8.2, id: 0x1e2a1, caps: 0xf00323/0x840300/0x12e800/0x0, board id: 3038, fw id: 2375007
[Tue Feb 27 23:04:50 2018] input: SynPS/2 Synaptics TouchPad as /devices/platform/i8042/serio1/input/input2
[Tue Feb 27 23:04:50 2018] Freeing unused kernel memory: 1972K
[Tue Feb 27 23:04:50 2018] Write protecting the kernel read-only data: 16384k
[Tue Feb 27 23:04:50 2018] Freeing unused kernel memory: 2008K
[Tue Feb 27 23:04:50 2018] Freeing unused kernel memory: 676K
[Tue Feb 27 23:04:50 2018] systemd[1]: RTC configured in localtime, applying delta of 60 minutes to system time.
[Tue Feb 27 23:04:50 2018] clocksource: Switched to clocksource tsc
[Tue Feb 27 23:04:50 2018] systemd[1]: systemd 234 running in system mode. (+PAM -AUDIT +SELINUX -IMA +APPARMOR -SMACK +SYSVINIT +UTMP +LIBCRYPTSETUP +GCRYPT +GNUTLS +ACL +XZ +LZ4 +SECCOMP +BLKID -ELFUTILS +KMOD -IDN2 -IDN default-hierarchy=hybrid)
[Tue Feb 27 23:04:50 2018] systemd[1]: Detected architecture x86-64.
[Tue Feb 27 23:04:50 2018] systemd[1]: Running in initial RAM disk.
[Tue Feb 27 23:04:50 2018] systemd[1]: Set hostname to <linux-kkmo>.
[Tue Feb 27 23:04:50 2018] systemd[1]: Unnecessary job for dev-mapper-cr_nvme0n1p2.device was removed.
[Tue Feb 27 23:04:50 2018] systemd[1]: Reached target Swap.
[Tue Feb 27 23:04:50 2018] systemd[1]: Listening on Journal Socket (/dev/log).
[Tue Feb 27 23:04:50 2018] systemd[1]: Listening on Journal Socket.
[Tue Feb 27 23:04:50 2018] systemd[1]: Listening on Journal Audit Socket.
[Tue Feb 27 23:04:50 2018] systemd[1]: Listening on udev Control Socket.
[Tue Feb 27 23:04:50 2018] device-mapper: uevent: version 1.0.3
[Tue Feb 27 23:04:50 2018] device-mapper: ioctl: 4.37.0-ioctl (2017-09-20) initialised: dm-devel@redhat.com
[Tue Feb 27 23:04:51 2018] random: crng init done
[Tue Feb 27 23:04:51 2018] input: Lid Switch as /devices/LNXSYSTM:00/LNXSYBUS:00/PNP0C0D:00/input/input3
[Tue Feb 27 23:04:51 2018] ACPI: Lid Switch [LID0]
[Tue Feb 27 23:04:51 2018] input: Power Button as /devices/LNXSYSTM:00/LNXSYBUS:00/PNP0C0C:00/input/input4
[Tue Feb 27 23:04:51 2018] ACPI: Power Button [PBTN]
[Tue Feb 27 23:04:51 2018] input: Sleep Button as /devices/LNXSYSTM:00/LNXSYBUS:00/PNP0C0E:00/input/input5
[Tue Feb 27 23:04:51 2018] ACPI: Sleep Button [SBTN]
[Tue Feb 27 23:04:51 2018] input: Power Button as /devices/LNXSYSTM:00/LNXPWRBN:00/input/input6
[Tue Feb 27 23:04:51 2018] ACPI: Power Button [PWRF]
[Tue Feb 27 23:04:51 2018] ACPI: bus type USB registered
[Tue Feb 27 23:04:51 2018] rtsx_pci 0000:3b:00.0: enabling device (0000 -> 0002)
[Tue Feb 27 23:04:51 2018] usbcore: registered new interface driver usbfs
[Tue Feb 27 23:04:51 2018] usbcore: registered new interface driver hub
[Tue Feb 27 23:04:51 2018] usbcore: registered new device driver usb
[Tue Feb 27 23:04:51 2018] xhci_hcd 0000:00:14.0: xHCI Host Controller
[Tue Feb 27 23:04:51 2018] xhci_hcd 0000:00:14.0: new USB bus registered, assigned bus number 1
[Tue Feb 27 23:04:51 2018] xhci_hcd 0000:00:14.0: hcc params 0x200077c1 hci version 0x100 quirks 0x00109810
[Tue Feb 27 23:04:51 2018] xhci_hcd 0000:00:14.0: cache line size of 64 is not supported
[Tue Feb 27 23:04:51 2018] usb usb1: New USB device found, idVendor=1d6b, idProduct=0002
[Tue Feb 27 23:04:51 2018] usb usb1: New USB device strings: Mfr=3, Product=2, SerialNumber=1
[Tue Feb 27 23:04:51 2018] usb usb1: Product: xHCI Host Controller
[Tue Feb 27 23:04:51 2018] usb usb1: Manufacturer: Linux 4.15.4-1-default xhci-hcd
[Tue Feb 27 23:04:51 2018] usb usb1: SerialNumber: 0000:00:14.0
[Tue Feb 27 23:04:51 2018] hub 1-0:1.0: USB hub found
[Tue Feb 27 23:04:51 2018] hub 1-0:1.0: 12 ports detected
[Tue Feb 27 23:04:51 2018] xhci_hcd 0000:00:14.0: xHCI Host Controller
[Tue Feb 27 23:04:51 2018] xhci_hcd 0000:00:14.0: new USB bus registered, assigned bus number 2
[Tue Feb 27 23:04:51 2018] usb usb2: New USB device found, idVendor=1d6b, idProduct=0003
[Tue Feb 27 23:04:51 2018] usb usb2: New USB device strings: Mfr=3, Product=2, SerialNumber=1
[Tue Feb 27 23:04:51 2018] usb usb2: Product: xHCI Host Controller
[Tue Feb 27 23:04:51 2018] usb usb2: Manufacturer: Linux 4.15.4-1-default xhci-hcd
[Tue Feb 27 23:04:51 2018] usb usb2: SerialNumber: 0000:00:14.0
[Tue Feb 27 23:04:51 2018] hub 2-0:1.0: USB hub found
[Tue Feb 27 23:04:51 2018] hub 2-0:1.0: 6 ports detected
[Tue Feb 27 23:04:51 2018] AVX2 version of gcm_enc/dec engaged.
[Tue Feb 27 23:04:51 2018] AES CTR mode by8 optimization enabled
[Tue Feb 27 23:04:51 2018] usb: port power management may be unreliable
[Tue Feb 27 23:04:51 2018] [drm] Memory usable by graphics device = 4096M
[Tue Feb 27 23:04:51 2018] checking generic (90000000 15f9000) vs hw (90000000 10000000)
[Tue Feb 27 23:04:51 2018] fb: switching to inteldrmfb from EFI VGA
[Tue Feb 27 23:04:51 2018] Console: switching to colour dummy device 80x25
[Tue Feb 27 23:04:51 2018] [drm] Replacing VGA console driver
[Tue Feb 27 23:04:51 2018] [drm] Supports vblank timestamp caching Rev 2 (21.10.2013).
[Tue Feb 27 23:04:51 2018] [drm] Driver supports precise vblank timestamp query.
[Tue Feb 27 23:04:51 2018] i915 0000:00:02.0: vgaarb: changed VGA decodes: olddecodes=io+mem,decodes=io+mem:owns=io+mem
[Tue Feb 27 23:04:51 2018] [drm] Finished loading DMC firmware i915/kbl_dmc_ver1_01.bin (v1.1)
[Tue Feb 27 23:04:51 2018] [drm] Initialized i915 1.6.0 20171023 for 0000:00:02.0 on minor 0
[Tue Feb 27 23:04:51 2018] ACPI: Video Device [GFX0] (multi-head: yes  rom: no  post: no)
[Tue Feb 27 23:04:51 2018] input: Video Bus as /devices/LNXSYSTM:00/LNXSYBUS:00/PNP0A08:00/LNXVIDEO:00/input/input7
[Tue Feb 27 23:04:51 2018] fbcon: inteldrmfb (fb0) is primary device
[Tue Feb 27 23:04:51 2018] usb 1-3: new full-speed USB device number 2 using xhci_hcd
[Tue Feb 27 23:04:51 2018] usb 1-3: New USB device found, idVendor=8087, idProduct=0a2b
[Tue Feb 27 23:04:51 2018] usb 1-3: New USB device strings: Mfr=0, Product=0, SerialNumber=0
[Tue Feb 27 23:04:51 2018] usb 1-4: new full-speed USB device number 3 using xhci_hcd
[Tue Feb 27 23:04:51 2018] usb 1-4: New USB device found, idVendor=04f3, idProduct=2234
[Tue Feb 27 23:04:51 2018] usb 1-4: New USB device strings: Mfr=4, Product=14, SerialNumber=0
[Tue Feb 27 23:04:51 2018] usb 1-4: Product: Touchscreen
[Tue Feb 27 23:04:51 2018] usb 1-4: Manufacturer: ELAN
[Tue Feb 27 23:04:51 2018] usbcore: registered new interface driver usbhid
[Tue Feb 27 23:04:51 2018] usbhid: USB HID core driver
[Tue Feb 27 23:04:51 2018] input: ELAN Touchscreen as /devices/pci0000:00/0000:00:14.0/usb1/1-4/1-4:1.0/0003:04F3:2234.0001/input/input8
[Tue Feb 27 23:04:51 2018] hid-multitouch 0003:04F3:2234.0001: input,hiddev96,hidraw0: USB HID v1.10 Device [ELAN Touchscreen] on usb-0000:00:14.0-4/input0
[Tue Feb 27 23:04:51 2018] usb 1-5: new high-speed USB device number 4 using xhci_hcd
[Tue Feb 27 23:04:52 2018] usb 1-5: New USB device found, idVendor=0c45, idProduct=670c
[Tue Feb 27 23:04:52 2018] usb 1-5: New USB device strings: Mfr=2, Product=1, SerialNumber=0
[Tue Feb 27 23:04:52 2018] usb 1-5: Product: Integrated_Webcam_HD
[Tue Feb 27 23:04:52 2018] usb 1-5: Manufacturer: CN09GTFM72487684B8YJA01
[Tue Feb 27 23:04:52 2018] Console: switching to colour frame buffer device 400x112
[Tue Feb 27 23:04:52 2018] i915 0000:00:02.0: fb0: inteldrmfb frame buffer device
[Tue Feb 27 23:04:52 2018] [drm] RC6 on
[Tue Feb 27 23:04:58 2018] NET: Registered protocol family 38
[Tue Feb 27 23:04:58 2018] PM: Starting manual resume from disk
[Tue Feb 27 23:04:58 2018] PM: Image not found (code -22)
[Tue Feb 27 23:04:58 2018] raid6: sse2x1   gen() 11686 MB/s
[Tue Feb 27 23:04:58 2018] raid6: sse2x1   xor()  9353 MB/s
[Tue Feb 27 23:04:58 2018] raid6: sse2x2   gen() 15659 MB/s
[Tue Feb 27 23:04:58 2018] raid6: sse2x2   xor() 10684 MB/s
[Tue Feb 27 23:04:58 2018] raid6: sse2x4   gen() 18286 MB/s
[Tue Feb 27 23:04:58 2018] raid6: sse2x4   xor() 11070 MB/s
[Tue Feb 27 23:04:59 2018] raid6: avx2x1   gen() 25454 MB/s
[Tue Feb 27 23:04:59 2018] raid6: avx2x1   xor() 17856 MB/s
[Tue Feb 27 23:04:59 2018] raid6: avx2x2   gen() 30558 MB/s
[Tue Feb 27 23:04:59 2018] raid6: avx2x2   xor() 19762 MB/s
[Tue Feb 27 23:04:59 2018] raid6: avx2x4   gen() 35475 MB/s
[Tue Feb 27 23:04:59 2018] raid6: avx2x4   xor() 21256 MB/s
[Tue Feb 27 23:04:59 2018] raid6: using algorithm avx2x4 gen() 35475 MB/s
[Tue Feb 27 23:04:59 2018] raid6: .... xor() 21256 MB/s, rmw enabled
[Tue Feb 27 23:04:59 2018] raid6: using avx2x2 recovery algorithm
[Tue Feb 27 23:04:59 2018] xor: automatically using best checksumming function   avx       
[Tue Feb 27 23:04:59 2018] Btrfs loaded, crc32c=crc32c-intel, assert=on
[Tue Feb 27 23:04:59 2018] BTRFS: device fsid a21ce861-b8f9-41f1-9b11-7dfea971f9fa devid 1 transid 15822 /dev/dm-2
[Tue Feb 27 23:04:59 2018] BTRFS info (device dm-2): disk space caching is enabled
[Tue Feb 27 23:04:59 2018] BTRFS info (device dm-2): has skinny extents
[Tue Feb 27 23:04:59 2018] BTRFS info (device dm-2): enabling ssd optimizations
[Tue Feb 27 23:04:59 2018] systemd-journald[158]: Received SIGTERM from PID 1 (systemd).
[Tue Feb 27 23:04:59 2018] systemd: 21 output lines suppressed due to ratelimiting
[Tue Feb 27 23:04:59 2018] systemd[1]: RTC configured in localtime, applying delta of 60 minutes to system time.
[Tue Feb 27 23:04:59 2018] BTRFS info (device dm-2): disk space caching is enabled
[Tue Feb 27 23:04:59 2018] audit: type=1400 audit(1519765507.560:2): apparmor="STATUS" operation="profile_load" profile="unconfined" name="ping" pid=742 comm="apparmor_parser"
[Tue Feb 27 23:04:59 2018] audit: type=1400 audit(1519765507.576:3): apparmor="STATUS" operation="profile_load" profile="unconfined" name="klogd" pid=750 comm="apparmor_parser"
[Tue Feb 27 23:04:59 2018] audit: type=1400 audit(1519765507.588:4): apparmor="STATUS" operation="profile_load" profile="unconfined" name="syslogd" pid=756 comm="apparmor_parser"
[Tue Feb 27 23:04:59 2018] audit: type=1400 audit(1519765507.600:5): apparmor="STATUS" operation="profile_load" profile="unconfined" name="syslog-ng" pid=761 comm="apparmor_parser"
[Tue Feb 27 23:04:59 2018] audit: type=1400 audit(1519765507.636:6): apparmor="STATUS" operation="profile_load" profile="unconfined" name="/usr/bin/lessopen.sh" pid=767 comm="apparmor_parser"
[Tue Feb 27 23:04:59 2018] audit: type=1400 audit(1519765507.664:7): apparmor="STATUS" operation="profile_load" profile="unconfined" name="/usr/lib/apache2/mpm-prefork/apache2" pid=774 comm="apparmor_parser"
[Tue Feb 27 23:04:59 2018] audit: type=1400 audit(1519765507.664:8): apparmor="STATUS" operation="profile_load" profile="unconfined" name="/usr/lib/apache2/mpm-prefork/apache2//DEFAULT_URI" pid=774 comm="apparmor_parser"
[Tue Feb 27 23:04:59 2018] audit: type=1400 audit(1519765507.664:9): apparmor="STATUS" operation="profile_load" profile="unconfined" name="/usr/lib/apache2/mpm-prefork/apache2//HANDLING_UNTRUSTED_INPUT" pid=774 comm="apparmor_parser"
[Tue Feb 27 23:04:59 2018] audit: type=1400 audit(1519765507.664:10): apparmor="STATUS" operation="profile_load" profile="unconfined" name="/usr/lib/apache2/mpm-prefork/apache2//phpsysinfo" pid=774 comm="apparmor_parser"
[Tue Feb 27 23:04:59 2018] audit: type=1400 audit(1519765507.668:11): apparmor="STATUS" operation="profile_load" profile="unconfined" name="/usr/lib/colord" pid=779 comm="apparmor_parser"
[Tue Feb 27 23:05:00 2018] input: Intel HID events as /devices/platform/INT33D5:00/input/input12
[Tue Feb 27 23:05:00 2018] intel-hid INT33D5:00: platform supports 5 button array
[Tue Feb 27 23:05:00 2018] input: Intel HID 5 button array as /devices/platform/INT33D5:00/input/input13
[Tue Feb 27 23:05:00 2018] tpm_tis MSFT0101:00: 2.0 TPM (device-id 0xFE, rev-id 4)
[Tue Feb 27 23:05:00 2018] ACPI: Battery Slot [BAT0] (battery present)
[Tue Feb 27 23:05:00 2018] ACPI: AC Adapter [AC] (on-line)
[Tue Feb 27 23:05:00 2018] input: Intel Virtual Button driver as /devices/pci0000:00/0000:00:1f.0/PNP0C09:00/INT33D6:00/input/input14
[Tue Feb 27 23:05:00 2018] (NULL device *): hwmon_device_register() is deprecated. Please convert the driver to use hwmon_device_register_with_info().
[Tue Feb 27 23:05:00 2018] thermal LNXTHERM:00: registered as thermal_zone5
[Tue Feb 27 23:05:00 2018] ACPI: Thermal Zone [THM] (25 C)
[Tue Feb 27 23:05:00 2018] wmi_bus wmi_bus-PNP0C14:01: WQBC data block query control method not found
[Tue Feb 27 23:05:00 2018] (NULL device *): hwmon_device_register() is deprecated. Please convert the driver to use hwmon_device_register_with_info().
[Tue Feb 27 23:05:00 2018] shpchp: Standard Hot Plug PCI Controller Driver version: 0.4
[Tue Feb 27 23:05:00 2018] proc_thermal 0000:00:04.0: enabling device (0000 -> 0002)
[Tue Feb 27 23:05:00 2018] i801_smbus 0000:00:1f.4: SPD Write Disable is set
[Tue Feb 27 23:05:00 2018] i801_smbus 0000:00:1f.4: SMBus using PCI interrupt
[Tue Feb 27 23:05:00 2018] input: PC Speaker as /devices/platform/pcspkr/input/input15
[Tue Feb 27 23:05:00 2018] intel-lpss 0000:00:15.0: enabling device (0000 -> 0002)
[Tue Feb 27 23:05:00 2018] idma64 idma64.0: Found Intel integrated DMA 64-bit
[Tue Feb 27 23:05:00 2018] cfg80211: Loading compiled-in X.509 certificates for regulatory database
[Tue Feb 27 23:05:00 2018] intel-lpss 0000:00:15.1: enabling device (0000 -> 0002)
[Tue Feb 27 23:05:00 2018] idma64 idma64.1: Found Intel integrated DMA 64-bit
[Tue Feb 27 23:05:00 2018] cfg80211: Loaded X.509 cert 'sforshee: 00b28ddf47aef9cea7'
[Tue Feb 27 23:05:00 2018] intel_rapl: Found RAPL domain package
[Tue Feb 27 23:05:00 2018] intel_rapl: Found RAPL domain core
[Tue Feb 27 23:05:00 2018] intel_rapl: Found RAPL domain uncore
[Tue Feb 27 23:05:00 2018] intel_rapl: Found RAPL domain dram
[Tue Feb 27 23:05:00 2018] Intel(R) Wireless WiFi driver for Linux
[Tue Feb 27 23:05:00 2018] Copyright(c) 2003- 2015 Intel Corporation
[Tue Feb 27 23:05:00 2018] iwlwifi 0000:3a:00.0: enabling device (0000 -> 0002)
[Tue Feb 27 23:05:00 2018] input: DLL075B:01 06CB:76AF Touchpad as /devices/pci0000:00/0000:00:15.1/i2c_designware.1/i2c-8/i2c-DLL075B:01/0018:06CB:76AF.0002/input/input17
[Tue Feb 27 23:05:00 2018] hid-multitouch 0018:06CB:76AF.0002: input,hidraw1: I2C HID v1.00 Mouse [DLL075B:01 06CB:76AF] on i2c-DLL075B:01
[Tue Feb 27 23:05:00 2018] iwlwifi 0000:3a:00.0: loaded firmware version 34.0.1 op_mode iwlmvm
[Tue Feb 27 23:05:00 2018] iTCO_vendor_support: vendor-support=0
[Tue Feb 27 23:05:00 2018] dcdbas dcdbas: Dell Systems Management Base Driver (version 5.6.0-3.2)
[Tue Feb 27 23:05:00 2018] iTCO_wdt: Intel TCO WatchDog Timer Driver v1.11
[Tue Feb 27 23:05:00 2018] iTCO_wdt: Found a Intel PCH TCO device (Version=4, TCOBASE=0x0400)
[Tue Feb 27 23:05:00 2018] iTCO_wdt: initialized. heartbeat=30 sec (nowayout=0)
[Tue Feb 27 23:05:00 2018] mei_me 0000:00:16.0: enabling device (0000 -> 0002)
[Tue Feb 27 23:05:00 2018] input: Dell WMI hotkeys as /devices/platform/PNP0C14:01/wmi_bus/wmi_bus-PNP0C14:01/9DBB5994-A997-11DA-B012-B622A1EF5492/input/input22
[Tue Feb 27 23:05:00 2018] snd_hda_intel 0000:00:1f.3: enabling device (0000 -> 0002)
[Tue Feb 27 23:05:00 2018] snd_hda_intel 0000:00:1f.3: bound 0000:00:02.0 (ops i915_audio_component_bind_ops [i915])
[Tue Feb 27 23:05:00 2018] iwlwifi 0000:3a:00.0: Detected Intel(R) Dual Band Wireless AC 8265, REV=0x230
[Tue Feb 27 23:05:00 2018] iwlwifi 0000:3a:00.0: base HW address: 00:28:f8:07:11:10
[Tue Feb 27 23:05:00 2018] Adding 2097148k swap on /dev/mapper/system-swap.  Priority:-2 extents:1 across:2097148k SSFS
[Tue Feb 27 23:05:00 2018] snd_hda_codec_realtek hdaudioC0D0: autoconfig for ALC3246: line_outs=1 (0x14/0x0/0x0/0x0/0x0) type:speaker
[Tue Feb 27 23:05:00 2018] snd_hda_codec_realtek hdaudioC0D0:    speaker_outs=0 (0x0/0x0/0x0/0x0/0x0)
[Tue Feb 27 23:05:00 2018] snd_hda_codec_realtek hdaudioC0D0:    hp_outs=1 (0x21/0x0/0x0/0x0/0x0)
[Tue Feb 27 23:05:00 2018] snd_hda_codec_realtek hdaudioC0D0:    mono: mono_out=0x0
[Tue Feb 27 23:05:00 2018] snd_hda_codec_realtek hdaudioC0D0:    inputs:
[Tue Feb 27 23:05:00 2018] snd_hda_codec_realtek hdaudioC0D0:      Headset Mic=0x19
[Tue Feb 27 23:05:00 2018] snd_hda_codec_realtek hdaudioC0D0:      Headphone Mic=0x1a
[Tue Feb 27 23:05:00 2018] snd_hda_codec_realtek hdaudioC0D0:      Internal Mic=0x12
[Tue Feb 27 23:05:00 2018] SGI XFS with ACLs, security attributes, no debug enabled
[Tue Feb 27 23:05:00 2018] XFS (dm-3): Mounting V5 Filesystem
[Tue Feb 27 23:05:00 2018] XFS (dm-3): Ending clean mount
[Tue Feb 27 23:05:00 2018] input: HDA Digital PCBeep as /devices/pci0000:00/0000:00:1f.3/sound/card0/input23
[Tue Feb 27 23:05:00 2018] input: HDA Intel PCH Headphone Mic as /devices/pci0000:00/0000:00:1f.3/sound/card0/input24
[Tue Feb 27 23:05:00 2018] input: HDA Intel PCH HDMI/DP,pcm=3 as /devices/pci0000:00/0000:00:1f.3/sound/card0/input25
[Tue Feb 27 23:05:00 2018] input: HDA Intel PCH HDMI/DP,pcm=7 as /devices/pci0000:00/0000:00:1f.3/sound/card0/input26
[Tue Feb 27 23:05:00 2018] input: HDA Intel PCH HDMI/DP,pcm=8 as /devices/pci0000:00/0000:00:1f.3/sound/card0/input27
[Tue Feb 27 23:05:00 2018] input: HDA Intel PCH HDMI/DP,pcm=9 as /devices/pci0000:00/0000:00:1f.3/sound/card0/input28
[Tue Feb 27 23:05:00 2018] input: HDA Intel PCH HDMI/DP,pcm=10 as /devices/pci0000:00/0000:00:1f.3/sound/card0/input29
[Tue Feb 27 23:05:00 2018] ieee80211 phy0: Selected rate control algorithm 'iwl-mvm-rs'
[Tue Feb 27 23:05:00 2018] (NULL device *): hwmon_device_register() is deprecated. Please convert the driver to use hwmon_device_register_with_info().
[Tue Feb 27 23:05:00 2018] thermal thermal_zone9: failed to read out thermal zone (-61)
[Tue Feb 27 23:05:00 2018] iwlwifi 0000:3a:00.0 wlp58s0: renamed from wlan0
[Tue Feb 27 23:05:00 2018] systemd-journald[706]: Received request to flush runtime journal from PID 1
[Tue Feb 27 23:05:00 2018] systemd-journald[706]: File /var/log/journal/6fa4966e63d84111ba3c05a6a1efafde/system.journal corrupted or uncleanly shut down, renaming and replacing.
[Tue Feb 27 23:05:01 2018] vboxdrv: loading out-of-tree module taints kernel.
[Tue Feb 27 23:05:01 2018] vboxdrv: Found 4 processor cores
[Tue Feb 27 23:05:01 2018] vboxdrv: TSC mode is Invariant, tentative frequency 2903999158 Hz
[Tue Feb 27 23:05:01 2018] vboxdrv: Successfully loaded version 5.2.6_SUSE (interface 0x00290000)
[Tue Feb 27 23:05:01 2018] Linux video capture interface: v2.00
[Tue Feb 27 23:05:01 2018] Bluetooth: Core ver 2.22
[Tue Feb 27 23:05:01 2018] NET: Registered protocol family 31
[Tue Feb 27 23:05:01 2018] Bluetooth: HCI device and connection manager initialized
[Tue Feb 27 23:05:01 2018] Bluetooth: HCI socket layer initialized
[Tue Feb 27 23:05:01 2018] Bluetooth: L2CAP socket layer initialized
[Tue Feb 27 23:05:01 2018] Bluetooth: SCO socket layer initialized
[Tue Feb 27 23:05:01 2018] VBoxNetFlt: Successfully started.
[Tue Feb 27 23:05:01 2018] VBoxNetAdp: Successfully started.
[Tue Feb 27 23:05:01 2018] VBoxPciLinuxInit
[Tue Feb 27 23:05:01 2018] vboxpci: IOMMU not found (not registered)
[Tue Feb 27 23:05:01 2018] usbcore: registered new interface driver btusb
[Tue Feb 27 23:05:01 2018] Bluetooth: hci0: Bootloader revision 0.0 build 26 week 38 2015
[Tue Feb 27 23:05:01 2018] Bluetooth: hci0: Device revision is 16
[Tue Feb 27 23:05:01 2018] Bluetooth: hci0: Secure boot is enabled
[Tue Feb 27 23:05:01 2018] Bluetooth: hci0: OTP lock is enabled
[Tue Feb 27 23:05:01 2018] Bluetooth: hci0: API lock is enabled
[Tue Feb 27 23:05:01 2018] Bluetooth: hci0: Debug lock is disabled
[Tue Feb 27 23:05:01 2018] Bluetooth: hci0: Minimum firmware build 1 week 10 2014
[Tue Feb 27 23:05:01 2018] Bluetooth: hci0: Found device firmware: intel/ibt-12-16.sfi
[Tue Feb 27 23:05:01 2018] uvcvideo: Found UVC 1.00 device Integrated_Webcam_HD (0c45:670c)
[Tue Feb 27 23:05:01 2018] input: Integrated_Webcam_HD: Integrate as /devices/pci0000:00/0000:00:14.0/usb1/1-5/1-5:1.0/input/input30
[Tue Feb 27 23:05:01 2018] usbcore: registered new interface driver uvcvideo
[Tue Feb 27 23:05:01 2018] USB Video Class driver (1.1.1)
[Tue Feb 27 23:05:01 2018] ip_tables: (C) 2000-2006 Netfilter Core Team
[Tue Feb 27 23:05:01 2018] ip6_tables: (C) 2000-2006 Netfilter Core Team
[Tue Feb 27 23:05:01 2018] Ebtables v2.0 registered
[Tue Feb 27 23:05:02 2018] IPv6: ADDRCONF(NETDEV_UP): wlp58s0: link is not ready
[Tue Feb 27 23:05:02 2018] IPv6: ADDRCONF(NETDEV_UP): wlp58s0: link is not ready
[Tue Feb 27 23:05:02 2018] nf_conntrack version 0.5.0 (65536 buckets, 262144 max)
[Tue Feb 27 23:05:02 2018] IPv6: ADDRCONF(NETDEV_UP): wlp58s0: link is not ready
[Tue Feb 27 23:05:02 2018] NET: Registered protocol family 17
[Tue Feb 27 23:05:02 2018] IPv6: ADDRCONF(NETDEV_UP): wlp58s0: link is not ready
[Tue Feb 27 23:05:02 2018] Bluetooth: hci0: Waiting for firmware download to complete
[Tue Feb 27 23:05:02 2018] Bluetooth: hci0: Firmware loaded in 1403935 usecs
[Tue Feb 27 23:05:02 2018] Bluetooth: hci0: Waiting for device to boot
[Tue Feb 27 23:05:02 2018] Bluetooth: hci0: Device booted in 11709 usecs
[Tue Feb 27 23:05:02 2018] Bluetooth: hci0: Found Intel DDC parameters: intel/ibt-12-16.ddc
[Tue Feb 27 23:05:02 2018] Bluetooth: hci0: Applying Intel DDC parameters completed
[Tue Feb 27 23:05:03 2018] bridge: filtering via arp/ip/ip6tables is no longer available by default. Update your scripts to load br_netfilter if you need this.
[Tue Feb 27 23:05:03 2018] Netfilter messages via NETLINK v0.30.
[Tue Feb 27 23:05:03 2018] ip_set: protocol 6
[Tue Feb 27 23:05:03 2018] Bluetooth: BNEP (Ethernet Emulation) ver 1.3
[Tue Feb 27 23:05:03 2018] Bluetooth: BNEP filters: protocol multicast
[Tue Feb 27 23:05:03 2018] Bluetooth: BNEP socket layer initialized
[Tue Feb 27 23:05:03 2018] Bluetooth: RFCOMM TTY layer initialized
[Tue Feb 27 23:05:03 2018] Bluetooth: RFCOMM socket layer initialized
[Tue Feb 27 23:05:03 2018] Bluetooth: RFCOMM ver 1.11
[Tue Feb 27 23:05:09 2018] IPv6: ADDRCONF(NETDEV_UP): wlp58s0: link is not ready
[Tue Feb 27 23:05:11 2018] wlp58s0: authenticate with 70:4d:7b:60:08:20
[Tue Feb 27 23:05:11 2018] wlp58s0: send auth to 70:4d:7b:60:08:20 (try 1/3)
[Tue Feb 27 23:05:11 2018] wlp58s0: authenticated
[Tue Feb 27 23:05:11 2018] wlp58s0: associate with 70:4d:7b:60:08:20 (try 1/3)
[Tue Feb 27 23:05:11 2018] wlp58s0: RX AssocResp from 70:4d:7b:60:08:20 (capab=0x1411 status=0 aid=6)
[Tue Feb 27 23:05:11 2018] wlp58s0: associated
[Tue Feb 27 23:05:11 2018] IPv6: ADDRCONF(NETDEV_CHANGE): wlp58s0: link becomes ready
[Tue Feb 27 23:05:11 2018] fuse init (API version 7.26)
[Tue Feb 27 23:05:13 2018] rfkill: input handler disabled
[Tue Feb 27 23:05:44 2018] CPU3: Package temperature above threshold, cpu clock throttled (total events = 1)
[Tue Feb 27 23:05:44 2018] CPU0: Core temperature above threshold, cpu clock throttled (total events = 1)
[Tue Feb 27 23:05:44 2018] CPU2: Core temperature above threshold, cpu clock throttled (total events = 1)
[Tue Feb 27 23:05:44 2018] CPU1: Package temperature above threshold, cpu clock throttled (total events = 1)
[Tue Feb 27 23:05:44 2018] CPU0: Package temperature above threshold, cpu clock throttled (total events = 1)
[Tue Feb 27 23:05:44 2018] CPU2: Package temperature above threshold, cpu clock throttled (total events = 1)
[Tue Feb 27 23:05:44 2018] CPU2: Core temperature/speed normal
[Tue Feb 27 23:05:44 2018] CPU3: Package temperature/speed normal
[Tue Feb 27 23:05:44 2018] CPU1: Package temperature/speed normal
[Tue Feb 27 23:05:44 2018] CPU2: Package temperature/speed normal
[Tue Feb 27 23:05:44 2018] CPU0: Core temperature/speed normal
[Tue Feb 27 23:05:44 2018] CPU0: Package temperature/speed normal
[Tue Feb 27 23:27:10 2018] acpi INT3400:00: Unsupported event [0x86]
[Wed Feb 28 00:08:20 2018] [drm:intel_pipe_update_end [i915]] *ERROR* Atomic update failure on pipe A (start=184302 end=184303) time 115 us, min 1791, max 1799, scanline start 1790, end 1800
[Wed Feb 28 00:19:26 2018] wlp58s0: deauthenticating from 70:4d:7b:60:08:20 by local choice (Reason: 3=DEAUTH_LEAVING)
[Wed Feb 28 00:19:26 2018] wlp58s0: failed to remove key (1, ff:ff:ff:ff:ff:ff) from hardware (-22)
[Wed Feb 28 00:19:26 2018] wlp58s0: failed to remove key (2, ff:ff:ff:ff:ff:ff) from hardware (-22)
[Wed Feb 28 00:19:26 2018] IPv6: ADDRCONF(NETDEV_UP): wlp58s0: link is not ready
[Wed Feb 28 00:19:32 2018] PM: suspend entry (deep)
[Wed Feb 28 00:19:32 2018] PM: Syncing filesystems ... done.
[Wed Feb 28 00:19:32 2018] Freezing user space processes ... (elapsed 0.004 seconds) done.
[Wed Feb 28 00:19:32 2018] OOM killer disabled.
[Wed Feb 28 00:19:32 2018] Freezing remaining freezable tasks ... (elapsed 0.001 seconds) done.
[Wed Feb 28 00:19:32 2018] Suspending console(s) (use no_console_suspend to debug)
[Wed Feb 28 00:19:32 2018] psmouse serio1: Failed to disable mouse on isa0060/serio1
[Wed Feb 28 00:19:33 2018] ACPI: Preparing to enter system sleep state S3
[Wed Feb 28 00:19:33 2018] ACPI: EC: event blocked
[Wed Feb 28 00:19:33 2018] ACPI: EC: EC stopped
[Wed Feb 28 00:19:33 2018] PM: Saving platform NVS memory
[Wed Feb 28 00:19:33 2018] Disabling non-boot CPUs ...
[Wed Feb 28 00:19:33 2018] smpboot: CPU 1 is now offline
[Wed Feb 28 00:19:33 2018] IRQ 132: no longer affine to CPU2
[Wed Feb 28 00:19:33 2018] IRQ 133: no longer affine to CPU2
[Wed Feb 28 00:19:33 2018] smpboot: CPU 2 is now offline
[Wed Feb 28 00:19:33 2018] IRQ 124: no longer affine to CPU3
[Wed Feb 28 00:19:33 2018] IRQ 125: no longer affine to CPU3
[Wed Feb 28 00:19:33 2018] IRQ 131: no longer affine to CPU3
[Wed Feb 28 00:19:33 2018] smpboot: CPU 3 is now offline
[Wed Feb 28 00:19:33 2018] ACPI: Low-level resume complete
[Wed Feb 28 00:19:33 2018] ACPI: EC: EC started
[Wed Feb 28 00:19:33 2018] PM: Restoring platform NVS memory
[Wed Feb 28 00:19:33 2018] Enabling non-boot CPUs ...
[Wed Feb 28 00:19:33 2018] x86: Booting SMP configuration:
[Wed Feb 28 00:19:33 2018] smpboot: Booting Node 0 Processor 1 APIC 0x2
[Wed Feb 28 00:19:33 2018]  cache: parent cpu1 should not be sleeping
[Wed Feb 28 00:19:33 2018] CPU1 is up
[Wed Feb 28 00:19:33 2018] smpboot: Booting Node 0 Processor 2 APIC 0x1
[Wed Feb 28 00:19:33 2018]  cache: parent cpu2 should not be sleeping
[Wed Feb 28 00:19:33 2018] CPU2 is up
[Wed Feb 28 00:19:33 2018] smpboot: Booting Node 0 Processor 3 APIC 0x3
[Wed Feb 28 00:19:33 2018]  cache: parent cpu3 should not be sleeping
[Wed Feb 28 00:19:33 2018] CPU3 is up
[Wed Feb 28 00:19:33 2018] ACPI: Waking up from system sleep state S3
[Wed Feb 28 00:19:34 2018] ACPI: EC: event unblocked
[Wed Feb 28 00:19:34 2018] acpi INT3400:00: Unsupported event [0x86]
[Wed Feb 28 00:19:35 2018] usb 1-3: reset full-speed USB device number 2 using xhci_hcd
[Wed Feb 28 00:19:35 2018] usb 1-4: reset full-speed USB device number 3 using xhci_hcd
[Wed Feb 28 00:19:35 2018] usb 1-5: reset high-speed USB device number 4 using xhci_hcd
[Wed Feb 28 00:19:36 2018] usb 1-3:1.0: rebind failed: -517
[Wed Feb 28 00:19:36 2018] usb 1-3:1.1: rebind failed: -517
[Wed Feb 28 00:19:36 2018] acpi LNXPOWER:13: Turning OFF
[Wed Feb 28 00:19:36 2018] acpi LNXPOWER:12: Turning OFF
[Wed Feb 28 00:19:36 2018] acpi LNXPOWER:11: Turning OFF
[Wed Feb 28 00:19:36 2018] acpi LNXPOWER:10: Turning OFF
[Wed Feb 28 00:19:36 2018] acpi LNXPOWER:0f: Turning OFF
[Wed Feb 28 00:19:36 2018] acpi LNXPOWER:0e: Turning OFF
[Wed Feb 28 00:19:36 2018] Bluetooth: hci0: Bootloader revision 0.0 build 26 week 38 2015
[Wed Feb 28 00:19:36 2018] acpi LNXPOWER:0d: Turning OFF
[Wed Feb 28 00:19:36 2018] acpi LNXPOWER:0c: Turning OFF
[Wed Feb 28 00:19:36 2018] acpi LNXPOWER:0b: Turning OFF
[Wed Feb 28 00:19:36 2018] acpi LNXPOWER:0a: Turning OFF
[Wed Feb 28 00:19:36 2018] Bluetooth: hci0: Device revision is 16
[Wed Feb 28 00:19:36 2018] Bluetooth: hci0: Secure boot is enabled
[Wed Feb 28 00:19:36 2018] Bluetooth: hci0: OTP lock is enabled
[Wed Feb 28 00:19:36 2018] Bluetooth: hci0: API lock is enabled
[Wed Feb 28 00:19:36 2018] Bluetooth: hci0: Debug lock is disabled
[Wed Feb 28 00:19:36 2018] Bluetooth: hci0: Minimum firmware build 1 week 10 2014
[Wed Feb 28 00:19:36 2018] acpi LNXPOWER:09: Turning OFF
[Wed Feb 28 00:19:36 2018] Bluetooth: hci0: Found device firmware: intel/ibt-12-16.sfi
[Wed Feb 28 00:19:36 2018] acpi LNXPOWER:08: Turning OFF
[Wed Feb 28 00:19:36 2018] acpi LNXPOWER:07: Turning OFF
[Wed Feb 28 00:19:36 2018] acpi LNXPOWER:06: Turning OFF
[Wed Feb 28 00:19:36 2018] acpi LNXPOWER:05: Turning OFF
[Wed Feb 28 00:19:36 2018] acpi LNXPOWER:04: Turning OFF
[Wed Feb 28 00:19:36 2018] acpi LNXPOWER:03: Turning OFF
[Wed Feb 28 00:19:36 2018] acpi LNXPOWER:02: Turning OFF
[Wed Feb 28 00:19:36 2018] acpi LNXPOWER:01: Turning OFF
[Wed Feb 28 00:19:36 2018] acpi LNXPOWER:00: Turning OFF
[Wed Feb 28 00:19:36 2018] OOM killer enabled.
[Wed Feb 28 00:19:36 2018] Restarting tasks ... done.
[Wed Feb 28 00:19:36 2018] usb 1-2: new high-speed USB device number 5 using xhci_hcd
[Wed Feb 28 00:19:36 2018] thermal thermal_zone9: failed to read out thermal zone (-61)
[Wed Feb 28 00:19:36 2018] usb 1-2: New USB device found, idVendor=05ac, idProduct=12a8
[Wed Feb 28 00:19:36 2018] usb 1-2: New USB device strings: Mfr=1, Product=2, SerialNumber=3
[Wed Feb 28 00:19:36 2018] usb 1-2: Product: iPhone
[Wed Feb 28 00:19:36 2018] usb 1-2: Manufacturer: Apple Inc.
[Wed Feb 28 00:19:36 2018] usb 1-2: SerialNumber: 10904ae9ff5b8e938e5b002f41dc4225a0a12f84
[Wed Feb 28 00:19:36 2018] PM: suspend exit
[Wed Feb 28 00:19:36 2018] [drm] RC6 on
[Wed Feb 28 00:19:36 2018] IPv6: ADDRCONF(NETDEV_UP): wlp58s0: link is not ready
[Wed Feb 28 00:19:36 2018] IPv6: ADDRCONF(NETDEV_UP): wlp58s0: link is not ready
[Wed Feb 28 00:19:37 2018] IPv6: ADDRCONF(NETDEV_UP): wlp58s0: link is not ready
[Wed Feb 28 00:19:37 2018] IPv6: ADDRCONF(NETDEV_UP): wlp58s0: link is not ready
[Wed Feb 28 00:19:37 2018] ipheth 1-2:4.2: Apple iPhone USB Ethernet device attached
[Wed Feb 28 00:19:37 2018] usbcore: registered new interface driver ipheth
[Wed Feb 28 00:19:37 2018] ipheth 1-2:4.2 enp0s20f0u2c4i2: renamed from eth0
[Wed Feb 28 00:19:37 2018] IPv6: ADDRCONF(NETDEV_UP): enp0s20f0u2c4i2: link is not ready
[Wed Feb 28 00:19:37 2018] IPv6: ADDRCONF(NETDEV_UP): enp0s20f0u2c4i2: link is not ready
[Wed Feb 28 00:19:37 2018] Bluetooth: hci0: Waiting for firmware download to complete
[Wed Feb 28 00:19:37 2018] Bluetooth: hci0: Firmware loaded in 1506292 usecs
[Wed Feb 28 00:19:37 2018] Bluetooth: hci0: Waiting for device to boot
[Wed Feb 28 00:19:37 2018] Bluetooth: hci0: Device booted in 11723 usecs
[Wed Feb 28 00:19:37 2018] Bluetooth: hci0: Found Intel DDC parameters: intel/ibt-12-16.ddc
[Wed Feb 28 00:19:37 2018] Bluetooth: hci0: Applying Intel DDC parameters completed
[Wed Feb 28 00:19:40 2018] IPv6: ADDRCONF(NETDEV_UP): wlp58s0: link is not ready
[Wed Feb 28 00:19:43 2018] wlp58s0: authenticate with 70:4d:7b:60:08:20
[Wed Feb 28 00:19:43 2018] wlp58s0: send auth to 70:4d:7b:60:08:20 (try 1/3)
[Wed Feb 28 00:19:43 2018] wlp58s0: authenticated
[Wed Feb 28 00:19:43 2018] wlp58s0: associate with 70:4d:7b:60:08:20 (try 1/3)
[Wed Feb 28 00:19:43 2018] wlp58s0: RX AssocResp from 70:4d:7b:60:08:20 (capab=0x1411 status=0 aid=5)
[Wed Feb 28 00:19:43 2018] wlp58s0: associated
[Wed Feb 28 00:19:43 2018] IPv6: ADDRCONF(NETDEV_CHANGE): wlp58s0: link becomes ready
[Wed Feb 28 00:22:47 2018] wlp58s0: deauthenticating from 70:4d:7b:60:08:20 by local choice (Reason: 3=DEAUTH_LEAVING)
[Wed Feb 28 00:22:47 2018] wlp58s0: failed to remove key (1, ff:ff:ff:ff:ff:ff) from hardware (-22)
[Wed Feb 28 00:22:47 2018] IPv6: ADDRCONF(NETDEV_UP): enp0s20f0u2c4i2: link is not ready
[Wed Feb 28 00:22:47 2018] IPv6: ADDRCONF(NETDEV_UP): wlp58s0: link is not ready
[Wed Feb 28 00:22:48 2018] IPv6: ADDRCONF(NETDEV_UP): wlp58s0: link is not ready
[Wed Feb 28 00:22:48 2018] IPv6: ADDRCONF(NETDEV_UP): wlp58s0: link is not ready
[Wed Feb 28 00:22:48 2018] IPv6: ADDRCONF(NETDEV_UP): wlp58s0: link is not ready
[Wed Feb 28 00:22:51 2018] IPv6: ADDRCONF(NETDEV_UP): wlp58s0: link is not ready
[Wed Feb 28 00:22:53 2018] wlp58s0: authenticate with 70:4d:7b:60:08:20
[Wed Feb 28 00:22:53 2018] wlp58s0: send auth to 70:4d:7b:60:08:20 (try 1/3)
[Wed Feb 28 00:22:53 2018] wlp58s0: authenticated
[Wed Feb 28 00:22:53 2018] wlp58s0: associate with 70:4d:7b:60:08:20 (try 1/3)
[Wed Feb 28 00:22:53 2018] wlp58s0: RX AssocResp from 70:4d:7b:60:08:20 (capab=0x1411 status=0 aid=5)
[Wed Feb 28 00:22:53 2018] wlp58s0: associated
[Wed Feb 28 00:22:53 2018] IPv6: ADDRCONF(NETDEV_CHANGE): wlp58s0: link becomes ready
[Wed Feb 28 00:23:09 2018] CPU2: Core temperature above threshold, cpu clock throttled (total events = 12)
[Wed Feb 28 00:23:09 2018] CPU3: Package temperature above threshold, cpu clock throttled (total events = 12)
[Wed Feb 28 00:23:09 2018] CPU0: Core temperature above threshold, cpu clock throttled (total events = 12)
[Wed Feb 28 00:23:09 2018] CPU1: Package temperature above threshold, cpu clock throttled (total events = 12)
[Wed Feb 28 00:23:09 2018] CPU0: Package temperature above threshold, cpu clock throttled (total events = 12)
[Wed Feb 28 00:23:09 2018] CPU2: Package temperature above threshold, cpu clock throttled (total events = 12)
[Wed Feb 28 00:23:09 2018] CPU0: Core temperature/speed normal
[Wed Feb 28 00:23:09 2018] CPU2: Core temperature/speed normal
[Wed Feb 28 00:23:09 2018] CPU2: Package temperature/speed normal
[Wed Feb 28 00:23:09 2018] CPU0: Package temperature/speed normal
[Wed Feb 28 00:23:09 2018] CPU3: Package temperature/speed normal
[Wed Feb 28 00:23:09 2018] CPU1: Package temperature/speed normal
[Wed Feb 28 00:24:43 2018] VBoxPciLinuxLinuxUnload
[Wed Feb 28 01:03:19 2018] ipheth 1-2:4.2: ipheth_rcvbulk_callback: urb status: -71
[Wed Feb 28 01:03:19 2018] usb 1-2: USB disconnect, device number 5
[Wed Feb 28 01:03:19 2018] ipheth 1-2:4.2: Apple iPhone USB Ethernet now disconnected
[Wed Feb 28 01:03:19 2018] show_signal_msg: 35 callbacks suppressed
[Wed Feb 28 01:03:19 2018] usbmuxd[31354]: segfault at 29 ip 00007f1e138d0e91 sp 00007fff8bdf8d00 error 4 in libc-2.26.so[7f1e1384c000+1b1000]
[Wed Feb 28 01:23:11 2018] usb 1-2: new high-speed USB device number 6 using xhci_hcd
[Wed Feb 28 01:23:11 2018] usb 1-2: New USB device found, idVendor=05ac, idProduct=12a8
[Wed Feb 28 01:23:11 2018] usb 1-2: New USB device strings: Mfr=1, Product=2, SerialNumber=3
[Wed Feb 28 01:23:11 2018] usb 1-2: Product: iPhone
[Wed Feb 28 01:23:11 2018] usb 1-2: Manufacturer: Apple Inc.
[Wed Feb 28 01:23:11 2018] usb 1-2: SerialNumber: 10904ae9ff5b8e938e5b002f41dc4225a0a12f84
[Wed Feb 28 01:23:11 2018] ipheth 1-2:4.2: Apple iPhone USB Ethernet device attached
[Wed Feb 28 01:23:11 2018] ipheth 1-2:4.2 enp0s20f0u2c4i2: renamed from eth0
[Wed Feb 28 01:23:12 2018] IPv6: ADDRCONF(NETDEV_UP): enp0s20f0u2c4i2: link is not ready
[Wed Feb 28 01:23:12 2018] IPv6: ADDRCONF(NETDEV_UP): enp0s20f0u2c4i2: link is not ready
[Wed Feb 28 01:30:32 2018] CPU3: Package temperature above threshold, cpu clock throttled (total events = 131)
[Wed Feb 28 01:30:32 2018] CPU1: Package temperature above threshold, cpu clock throttled (total events = 131)
[Wed Feb 28 01:30:32 2018] CPU0: Core temperature above threshold, cpu clock throttled (total events = 123)
[Wed Feb 28 01:30:32 2018] CPU2: Core temperature above threshold, cpu clock throttled (total events = 123)
[Wed Feb 28 01:30:32 2018] CPU0: Package temperature above threshold, cpu clock throttled (total events = 131)
[Wed Feb 28 01:30:32 2018] CPU2: Package temperature above threshold, cpu clock throttled (total events = 131)
[Wed Feb 28 01:30:32 2018] CPU2: Core temperature/speed normal
[Wed Feb 28 01:30:32 2018] CPU0: Core temperature/speed normal
[Wed Feb 28 01:30:32 2018] CPU1: Package temperature/speed normal
[Wed Feb 28 01:30:32 2018] CPU3: Package temperature/speed normal
[Wed Feb 28 01:30:32 2018] CPU0: Package temperature/speed normal
[Wed Feb 28 01:30:32 2018] CPU2: Package temperature/speed normal
[Wed Feb 28 01:33:10 2018] wlp58s0: deauthenticating from 70:4d:7b:60:08:20 by local choice (Reason: 3=DEAUTH_LEAVING)
[Wed Feb 28 01:33:10 2018] wlp58s0: failed to remove key (1, ff:ff:ff:ff:ff:ff) from hardware (-22)
[Wed Feb 28 01:33:10 2018] wlp58s0: failed to remove key (2, ff:ff:ff:ff:ff:ff) from hardware (-22)
[Wed Feb 28 01:33:10 2018] IPv6: ADDRCONF(NETDEV_UP): wlp58s0: link is not ready
[Wed Feb 28 01:33:13 2018] acpi INT3400:00: Unsupported event [0x86]
[Wed Feb 28 01:33:13 2018] ipheth 1-2:4.2: ipheth_rcvbulk_callback: urb status: -71
[Wed Feb 28 01:33:13 2018] usb 1-2: USB disconnect, device number 6
[Wed Feb 28 01:33:13 2018] ipheth 1-2:4.2: Apple iPhone USB Ethernet now disconnected
[Wed Feb 28 01:33:13 2018] usbmuxd[20427]: segfault at 19 ip 00007f352fb88e91 sp 00007ffcec649640 error 4 in libc-2.26.so[7f352fb04000+1b1000]
[Wed Feb 28 01:33:13 2018] usbmuxd[20445]: segfault at 29 ip 00007fdc0ac8ee91 sp 00007fffbe95b040 error 4 in libc-2.26.so[7fdc0ac0a000+1b1000]
[Wed Feb 28 01:33:15 2018] PM: suspend entry (deep)
[Wed Feb 28 01:33:15 2018] PM: Syncing filesystems ... done.
[Wed Feb 28 01:33:16 2018] Freezing user space processes ... (elapsed 0.006 seconds) done.
[Wed Feb 28 01:33:16 2018] OOM killer disabled.
[Wed Feb 28 01:33:16 2018] Freezing remaining freezable tasks ... (elapsed 0.001 seconds) done.
[Wed Feb 28 01:33:16 2018] Suspending console(s) (use no_console_suspend to debug)
[Wed Feb 28 01:33:17 2018] ACPI: Preparing to enter system sleep state S3
[Wed Feb 28 01:33:17 2018] ACPI: EC: event blocked
[Wed Feb 28 01:33:17 2018] ACPI: EC: EC stopped
[Wed Feb 28 01:33:17 2018] PM: Saving platform NVS memory
[Wed Feb 28 01:33:17 2018] Disabling non-boot CPUs ...
[Wed Feb 28 01:33:17 2018] IRQ 132: no longer affine to CPU1
[Wed Feb 28 01:33:17 2018] smpboot: CPU 1 is now offline
[Wed Feb 28 01:33:17 2018] IRQ 133: no longer affine to CPU2
[Wed Feb 28 01:33:17 2018] smpboot: CPU 2 is now offline
[Wed Feb 28 01:33:17 2018] IRQ 122: no longer affine to CPU3
[Wed Feb 28 01:33:17 2018] IRQ 124: no longer affine to CPU3
[Wed Feb 28 01:33:17 2018] IRQ 125: no longer affine to CPU3
[Wed Feb 28 01:33:17 2018] smpboot: CPU 3 is now offline
[Wed Feb 28 01:33:17 2018] ACPI: Low-level resume complete
[Wed Feb 28 01:33:17 2018] ACPI: EC: EC started
[Wed Feb 28 01:33:17 2018] PM: Restoring platform NVS memory
[Wed Feb 28 01:33:17 2018] Enabling non-boot CPUs ...
[Wed Feb 28 01:33:17 2018] x86: Booting SMP configuration:
[Wed Feb 28 01:33:17 2018] smpboot: Booting Node 0 Processor 1 APIC 0x2
[Wed Feb 28 01:33:17 2018]  cache: parent cpu1 should not be sleeping
[Wed Feb 28 01:33:17 2018] CPU1 is up
[Wed Feb 28 01:33:17 2018] smpboot: Booting Node 0 Processor 2 APIC 0x1
[Wed Feb 28 01:33:17 2018]  cache: parent cpu2 should not be sleeping
[Wed Feb 28 01:33:17 2018] CPU2 is up
[Wed Feb 28 01:33:17 2018] smpboot: Booting Node 0 Processor 3 APIC 0x3
[Wed Feb 28 01:33:17 2018]  cache: parent cpu3 should not be sleeping
[Wed Feb 28 01:33:17 2018] CPU3 is up
[Wed Feb 28 01:33:17 2018] ACPI: Waking up from system sleep state S3
[Wed Feb 28 01:33:18 2018] ACPI: EC: event unblocked
[Wed Feb 28 01:33:19 2018] usb 1-3: reset full-speed USB device number 2 using xhci_hcd
[Wed Feb 28 01:33:19 2018] usb 1-4: reset full-speed USB device number 3 using xhci_hcd
[Wed Feb 28 01:33:19 2018] usb 1-5: reset high-speed USB device number 4 using xhci_hcd
[Wed Feb 28 01:33:19 2018] usb 1-3:1.0: rebind failed: -517
[Wed Feb 28 01:33:19 2018] usb 1-3:1.1: rebind failed: -517
[Wed Feb 28 01:33:19 2018] acpi LNXPOWER:13: Turning OFF
[Wed Feb 28 01:33:19 2018] acpi LNXPOWER:12: Turning OFF
[Wed Feb 28 01:33:19 2018] acpi LNXPOWER:11: Turning OFF
[Wed Feb 28 01:33:19 2018] acpi LNXPOWER:10: Turning OFF
[Wed Feb 28 01:33:19 2018] acpi LNXPOWER:0f: Turning OFF
[Wed Feb 28 01:33:19 2018] acpi LNXPOWER:0e: Turning OFF
[Wed Feb 28 01:33:19 2018] acpi LNXPOWER:0d: Turning OFF
[Wed Feb 28 01:33:19 2018] acpi LNXPOWER:0c: Turning OFF
[Wed Feb 28 01:33:19 2018] acpi LNXPOWER:0b: Turning OFF
[Wed Feb 28 01:33:19 2018] acpi LNXPOWER:0a: Turning OFF
[Wed Feb 28 01:33:19 2018] acpi LNXPOWER:09: Turning OFF
[Wed Feb 28 01:33:19 2018] acpi LNXPOWER:08: Turning OFF
[Wed Feb 28 01:33:19 2018] acpi LNXPOWER:07: Turning OFF
[Wed Feb 28 01:33:19 2018] acpi LNXPOWER:06: Turning OFF
[Wed Feb 28 01:33:19 2018] acpi LNXPOWER:05: Turning OFF
[Wed Feb 28 01:33:19 2018] acpi LNXPOWER:04: Turning OFF
[Wed Feb 28 01:33:19 2018] acpi LNXPOWER:03: Turning OFF
[Wed Feb 28 01:33:19 2018] acpi LNXPOWER:02: Turning OFF
[Wed Feb 28 01:33:19 2018] acpi LNXPOWER:01: Turning OFF
[Wed Feb 28 01:33:19 2018] acpi LNXPOWER:00: Turning OFF
[Wed Feb 28 01:33:19 2018] OOM killer enabled.
[Wed Feb 28 01:33:19 2018] Restarting tasks ... done.
[Wed Feb 28 01:33:20 2018] [drm] RC6 on
[Wed Feb 28 01:33:20 2018] thermal thermal_zone9: failed to read out thermal zone (-61)
[Wed Feb 28 01:33:20 2018] PM: suspend exit
[Wed Feb 28 01:33:20 2018] Bluetooth: hci0: Bootloader revision 0.0 build 26 week 38 2015
[Wed Feb 28 01:33:20 2018] Bluetooth: hci0: Device revision is 16
[Wed Feb 28 01:33:20 2018] Bluetooth: hci0: Secure boot is enabled
[Wed Feb 28 01:33:20 2018] Bluetooth: hci0: OTP lock is enabled
[Wed Feb 28 01:33:20 2018] Bluetooth: hci0: API lock is enabled
[Wed Feb 28 01:33:20 2018] Bluetooth: hci0: Debug lock is disabled
[Wed Feb 28 01:33:20 2018] Bluetooth: hci0: Minimum firmware build 1 week 10 2014
[Wed Feb 28 01:33:20 2018] Bluetooth: hci0: Found device firmware: intel/ibt-12-16.sfi
[Wed Feb 28 01:33:20 2018] IPv6: ADDRCONF(NETDEV_UP): wlp58s0: link is not ready
[Wed Feb 28 01:33:20 2018] IPv6: ADDRCONF(NETDEV_UP): wlp58s0: link is not ready
[Wed Feb 28 01:33:21 2018] IPv6: ADDRCONF(NETDEV_UP): wlp58s0: link is not ready
[Wed Feb 28 01:33:21 2018] IPv6: ADDRCONF(NETDEV_UP): wlp58s0: link is not ready
[Wed Feb 28 01:33:22 2018] Bluetooth: hci0: Waiting for firmware download to complete
[Wed Feb 28 01:33:22 2018] Bluetooth: hci0: Firmware loaded in 1501896 usecs
[Wed Feb 28 01:33:22 2018] Bluetooth: hci0: Waiting for device to boot
[Wed Feb 28 01:33:22 2018] Bluetooth: hci0: Device booted in 11573 usecs
[Wed Feb 28 01:33:22 2018] Bluetooth: hci0: Found Intel DDC parameters: intel/ibt-12-16.ddc
[Wed Feb 28 01:33:22 2018] Bluetooth: hci0: Applying Intel DDC parameters completed
[Wed Feb 28 01:33:24 2018] IPv6: ADDRCONF(NETDEV_UP): wlp58s0: link is not ready
[Wed Feb 28 01:33:26 2018] wlp58s0: authenticate with dc:a5:f4:cc:67:4c
[Wed Feb 28 01:33:26 2018] wlp58s0: send auth to dc:a5:f4:cc:67:4c (try 1/3)
[Wed Feb 28 01:33:26 2018] wlp58s0: authenticated
[Wed Feb 28 01:33:26 2018] wlp58s0: associate with dc:a5:f4:cc:67:4c (try 1/3)
[Wed Feb 28 01:33:26 2018] wlp58s0: RX AssocResp from dc:a5:f4:cc:67:4c (capab=0x111 status=0 aid=126)
[Wed Feb 28 01:33:26 2018] wlp58s0: associated
[Wed Feb 28 01:33:26 2018] wlp58s0: Limiting TX power to 17 dBm as advertised by dc:a5:f4:cc:67:4c
[Wed Feb 28 01:33:26 2018] IPv6: ADDRCONF(NETDEV_CHANGE): wlp58s0: link becomes ready
[Wed Feb 28 03:06:30 2018] wlp58s0: deauthenticating from dc:a5:f4:cc:67:4c by local choice (Reason: 3=DEAUTH_LEAVING)
[Wed Feb 28 03:06:30 2018] wlp58s0: failed to remove key (1, ff:ff:ff:ff:ff:ff) from hardware (-22)
[Wed Feb 28 03:06:30 2018] wlp58s0: failed to remove key (2, ff:ff:ff:ff:ff:ff) from hardware (-22)
[Wed Feb 28 03:06:30 2018] IPv6: ADDRCONF(NETDEV_UP): wlp58s0: link is not ready
[Wed Feb 28 03:06:33 2018] PM: suspend entry (deep)
[Wed Feb 28 03:06:33 2018] PM: Syncing filesystems ... done.
[Wed Feb 28 03:06:33 2018] Freezing user space processes ... (elapsed 0.004 seconds) done.
[Wed Feb 28 03:06:33 2018] OOM killer disabled.
[Wed Feb 28 03:06:33 2018] Freezing remaining freezable tasks ... (elapsed 0.001 seconds) done.
[Wed Feb 28 03:06:33 2018] Suspending console(s) (use no_console_suspend to debug)
[Wed Feb 28 03:06:34 2018] ACPI: Preparing to enter system sleep state S3
[Wed Feb 28 03:06:34 2018] ACPI: EC: event blocked
[Wed Feb 28 03:06:34 2018] ACPI: EC: EC stopped
[Wed Feb 28 03:06:34 2018] PM: Saving platform NVS memory
[Wed Feb 28 03:06:34 2018] Disabling non-boot CPUs ...
[Wed Feb 28 03:06:34 2018] IRQ 133: no longer affine to CPU1
[Wed Feb 28 03:06:34 2018] smpboot: CPU 1 is now offline
[Wed Feb 28 03:06:34 2018] smpboot: CPU 2 is now offline
[Wed Feb 28 03:06:34 2018] IRQ 122: no longer affine to CPU3
[Wed Feb 28 03:06:34 2018] IRQ 124: no longer affine to CPU3
[Wed Feb 28 03:06:34 2018] IRQ 125: no longer affine to CPU3
[Wed Feb 28 03:06:34 2018] smpboot: CPU 3 is now offline
[Wed Feb 28 03:06:34 2018] ACPI: Low-level resume complete
[Wed Feb 28 03:06:34 2018] ACPI: EC: EC started
[Wed Feb 28 03:06:34 2018] PM: Restoring platform NVS memory
[Wed Feb 28 03:06:34 2018] Enabling non-boot CPUs ...
[Wed Feb 28 03:06:34 2018] x86: Booting SMP configuration:
[Wed Feb 28 03:06:34 2018] smpboot: Booting Node 0 Processor 1 APIC 0x2
[Wed Feb 28 03:06:34 2018]  cache: parent cpu1 should not be sleeping
[Wed Feb 28 03:06:34 2018] CPU1 is up
[Wed Feb 28 03:06:34 2018] smpboot: Booting Node 0 Processor 2 APIC 0x1
[Wed Feb 28 03:06:34 2018]  cache: parent cpu2 should not be sleeping
[Wed Feb 28 03:06:34 2018] CPU2 is up
[Wed Feb 28 03:06:34 2018] smpboot: Booting Node 0 Processor 3 APIC 0x3
[Wed Feb 28 03:06:34 2018]  cache: parent cpu3 should not be sleeping
[Wed Feb 28 03:06:34 2018] CPU3 is up
[Wed Feb 28 03:06:34 2018] ACPI: Waking up from system sleep state S3
[Wed Feb 28 03:06:35 2018] ACPI: EC: event unblocked
[Wed Feb 28 03:06:35 2018] usb 1-3: reset full-speed USB device number 2 using xhci_hcd
[Wed Feb 28 03:06:35 2018] usb 1-5: reset high-speed USB device number 4 using xhci_hcd
[Wed Feb 28 03:06:36 2018] usb 1-4: reset full-speed USB device number 3 using xhci_hcd
[Wed Feb 28 03:06:36 2018] usb 1-3:1.0: rebind failed: -517
[Wed Feb 28 03:06:36 2018] usb 1-3:1.1: rebind failed: -517
[Wed Feb 28 03:06:36 2018] acpi LNXPOWER:13: Turning OFF
[Wed Feb 28 03:06:36 2018] acpi LNXPOWER:12: Turning OFF
[Wed Feb 28 03:06:36 2018] acpi LNXPOWER:11: Turning OFF
[Wed Feb 28 03:06:36 2018] acpi LNXPOWER:10: Turning OFF
[Wed Feb 28 03:06:36 2018] acpi LNXPOWER:0f: Turning OFF
[Wed Feb 28 03:06:36 2018] acpi LNXPOWER:0e: Turning OFF
[Wed Feb 28 03:06:36 2018] acpi LNXPOWER:0d: Turning OFF
[Wed Feb 28 03:06:36 2018] acpi LNXPOWER:0c: Turning OFF
[Wed Feb 28 03:06:36 2018] acpi LNXPOWER:0b: Turning OFF
[Wed Feb 28 03:06:36 2018] acpi LNXPOWER:0a: Turning OFF
[Wed Feb 28 03:06:36 2018] acpi LNXPOWER:09: Turning OFF
[Wed Feb 28 03:06:36 2018] acpi LNXPOWER:08: Turning OFF
[Wed Feb 28 03:06:36 2018] acpi LNXPOWER:07: Turning OFF
[Wed Feb 28 03:06:36 2018] acpi LNXPOWER:06: Turning OFF
[Wed Feb 28 03:06:36 2018] acpi LNXPOWER:05: Turning OFF
[Wed Feb 28 03:06:36 2018] acpi LNXPOWER:04: Turning OFF
[Wed Feb 28 03:06:36 2018] acpi LNXPOWER:03: Turning OFF
[Wed Feb 28 03:06:36 2018] acpi LNXPOWER:02: Turning OFF
[Wed Feb 28 03:06:36 2018] acpi LNXPOWER:01: Turning OFF
[Wed Feb 28 03:06:36 2018] acpi LNXPOWER:00: Turning OFF
[Wed Feb 28 03:06:36 2018] OOM killer enabled.
[Wed Feb 28 03:06:36 2018] Restarting tasks ... 
[Wed Feb 28 03:06:36 2018] [drm] RC6 on
[Wed Feb 28 03:06:36 2018] done.
[Wed Feb 28 03:06:36 2018] thermal thermal_zone9: failed to read out thermal zone (-61)
[Wed Feb 28 03:06:36 2018] Bluetooth: hci0: Bootloader revision 0.0 build 26 week 38 2015
[Wed Feb 28 03:06:36 2018] Bluetooth: hci0: Device revision is 16
[Wed Feb 28 03:06:36 2018] Bluetooth: hci0: Secure boot is enabled
[Wed Feb 28 03:06:36 2018] Bluetooth: hci0: OTP lock is enabled
[Wed Feb 28 03:06:36 2018] Bluetooth: hci0: API lock is enabled
[Wed Feb 28 03:06:36 2018] Bluetooth: hci0: Debug lock is disabled
[Wed Feb 28 03:06:36 2018] Bluetooth: hci0: Minimum firmware build 1 week 10 2014
[Wed Feb 28 03:06:36 2018] Bluetooth: hci0: Found device firmware: intel/ibt-12-16.sfi
[Wed Feb 28 03:06:36 2018] PM: suspend exit
[Wed Feb 28 03:06:37 2018] IPv6: ADDRCONF(NETDEV_UP): wlp58s0: link is not ready
[Wed Feb 28 03:06:37 2018] IPv6: ADDRCONF(NETDEV_UP): wlp58s0: link is not ready
[Wed Feb 28 03:06:37 2018] IPv6: ADDRCONF(NETDEV_UP): wlp58s0: link is not ready
[Wed Feb 28 03:06:37 2018] IPv6: ADDRCONF(NETDEV_UP): wlp58s0: link is not ready
[Wed Feb 28 03:06:38 2018] Bluetooth: hci0: Waiting for firmware download to complete
[Wed Feb 28 03:06:38 2018] Bluetooth: hci0: Firmware loaded in 1467365 usecs
[Wed Feb 28 03:06:38 2018] Bluetooth: hci0: Waiting for device to boot
[Wed Feb 28 03:06:38 2018] Bluetooth: hci0: Device booted in 11715 usecs
[Wed Feb 28 03:06:38 2018] Bluetooth: hci0: Found Intel DDC parameters: intel/ibt-12-16.ddc
[Wed Feb 28 03:06:38 2018] Bluetooth: hci0: Applying Intel DDC parameters completed
[Wed Feb 28 03:06:41 2018] IPv6: ADDRCONF(NETDEV_UP): wlp58s0: link is not ready
[Wed Feb 28 03:06:43 2018] wlp58s0: authenticate with 00:21:a0:81:6e:2c
[Wed Feb 28 03:06:43 2018] wlp58s0: send auth to 00:21:a0:81:6e:2c (try 1/3)
[Wed Feb 28 03:06:43 2018] wlp58s0: authenticated
[Wed Feb 28 03:06:43 2018] wlp58s0: associate with 00:21:a0:81:6e:2c (try 1/3)
[Wed Feb 28 03:06:43 2018] wlp58s0: RX AssocResp from 00:21:a0:81:6e:2c (capab=0x111 status=0 aid=53)
[Wed Feb 28 03:06:43 2018] wlp58s0: associated
[Wed Feb 28 03:06:43 2018] wlp58s0: Limiting TX power to 17 dBm as advertised by 00:21:a0:81:6e:2c
[Wed Feb 28 03:06:43 2018] IPv6: ADDRCONF(NETDEV_CHANGE): wlp58s0: link becomes ready
[Wed Feb 28 03:08:27 2018] wlp58s0: disconnect from AP 00:21:a0:81:6e:2c for new auth to dc:a5:f4:cc:48:73
[Wed Feb 28 03:08:27 2018] wlp58s0: authenticate with dc:a5:f4:cc:48:73
[Wed Feb 28 03:08:27 2018] wlp58s0: send auth to dc:a5:f4:cc:48:73 (try 1/3)
